Archive member included to satisfy reference by file (symbol)

/opt/devkitpro/libctru/lib/libcitro2d.a(base.o)
                              OSGLU3DS.o (C2D_Init)
/opt/devkitpro/libctru/lib/libcitro2d.a(text.o)
                              OSGLU3DS.o (C2D_TextBufNew)
/opt/devkitpro/libctru/lib/libcitro2d.a(spritesheet.o)
                              OSGLU3DS.o (C2D_SpriteSheetLoadFromMem)
/opt/devkitpro/libctru/lib/libcitro2d.a(font.o)
                              OSGLU3DS.o (C2D_FontFree)
/opt/devkitpro/libctru/lib/libcitro2d.a(render2d.shbin.o)
                              /opt/devkitpro/libctru/lib/libcitro2d.a(base.o) (render2d_shbin_size)
/opt/devkitpro/libctru/lib/libcitro3d.a(base.o)
                              OSGLU3DS.o (C3D_Init)
/opt/devkitpro/libctru/lib/libcitro3d.a(renderqueue.o)
                              OSGLU3DS.o (C3D_FrameBegin)
/opt/devkitpro/libctru/lib/libcitro3d.a(texture.o)
                              OSGLU3DS.o (C3D_TexInitWithParams)
/opt/devkitpro/libctru/lib/libcitro3d.a(tex3ds.o)
                              /opt/devkitpro/libctru/lib/libcitro2d.a(spritesheet.o) (Tex3DS_TextureImport)
/opt/devkitpro/libctru/lib/libcitro3d.a(framebuffer.o)
                              /opt/devkitpro/libctru/lib/libcitro3d.a(renderqueue.o) (C3D_CalcColorBufSize)
/opt/devkitpro/libctru/lib/libcitro3d.a(texenv.o)
                              /opt/devkitpro/libctru/lib/libcitro2d.a(base.o) (C3D_GetTexEnv)
/opt/devkitpro/libctru/lib/libcitro3d.a(proctex.o)
                              /opt/devkitpro/libctru/lib/libcitro2d.a(base.o) (C3D_ProcTexInit)
/opt/devkitpro/libctru/lib/libcitro3d.a(buffers.o)
                              /opt/devkitpro/libctru/lib/libcitro2d.a(base.o) (BufInfo_Init)
/opt/devkitpro/libctru/lib/libcitro3d.a(drawArrays.o)
                              /opt/devkitpro/libctru/lib/libcitro2d.a(base.o) (C3D_DrawArrays)
/opt/devkitpro/libctru/lib/libcitro3d.a(effect.o)
                              /opt/devkitpro/libctru/lib/libcitro3d.a(base.o) (C3D_DepthMap)
/opt/devkitpro/libctru/lib/libcitro3d.a(attribs.o)
                              /opt/devkitpro/libctru/lib/libcitro2d.a(base.o) (AttrInfo_Init)
/opt/devkitpro/libctru/lib/libcitro3d.a(immediate.o)
                              /opt/devkitpro/libctru/lib/libcitro3d.a(base.o) (C3D_ImmSendAttrib)
/opt/devkitpro/libctru/lib/libcitro3d.a(uniforms.o)
                              /opt/devkitpro/libctru/lib/libcitro3d.a(base.o) (C3D_UpdateUniforms)
/opt/devkitpro/libctru/lib/libcitro3d.a(mtx_ortho.o)
                              /opt/devkitpro/libctru/lib/libcitro2d.a(base.o) (Mtx_Ortho)
/opt/devkitpro/libctru/lib/libcitro3d.a(mtx_orthotilt.o)
                              /opt/devkitpro/libctru/lib/libcitro2d.a(base.o) (Mtx_OrthoTilt)
/opt/devkitpro/libctru/lib/libctru.a(vram.o)
                              /opt/devkitpro/libctru/lib/libcitro3d.a(renderqueue.o) (vramAlloc)
/opt/devkitpro/libctru/lib/libctru.a(linear.o)
                              OSGLU3DS.o (linearAlloc)
/opt/devkitpro/libctru/lib/libctru.a(mem_pool.o)
                              /opt/devkitpro/libctru/lib/libctru.a(vram.o) (MemPool::Allocate(MemChunk&, unsigned long, int))
/opt/devkitpro/libctru/lib/libctru.a(os.o)
                              /opt/devkitpro/libctru/lib/libcitro3d.a(texture.o) (osConvertVirtToPhys)
/opt/devkitpro/libctru/lib/libctru.a(font.o)
                              /opt/devkitpro/libctru/lib/libcitro2d.a(text.o) (fontEnsureMapped)
/opt/devkitpro/libctru/lib/libctru.a(gfx.o)
                              /opt/devkitpro/libctru/lib/libcitro3d.a(renderqueue.o) (gfxIs3D)
/opt/devkitpro/libctru/lib/libctru.a(shaderProgram.o)
                              /opt/devkitpro/libctru/lib/libcitro2d.a(base.o) (shaderInstanceGetUniformLocation)
/opt/devkitpro/libctru/lib/libctru.a(shbin.o)
                              /opt/devkitpro/libctru/lib/libcitro2d.a(base.o) (DVLB_ParseFile)
/opt/devkitpro/libctru/lib/libctru.a(gx.o)
                              /opt/devkitpro/libctru/lib/libctru.a(gfx.o) (gxCmdBuf)
/opt/devkitpro/libctru/lib/libctru.a(gxqueue.o)
                              /opt/devkitpro/libctru/lib/libcitro3d.a(renderqueue.o) (gxCmdQueueClear)
/opt/devkitpro/libctru/lib/libctru.a(gpu.o)
                              /opt/devkitpro/libctru/lib/libcitro3d.a(base.o) (gpuCmdBufOffset)
/opt/devkitpro/libctru/lib/libctru.a(ndsp.o)
                              OSGLU3DS.o (ndspInit)
/opt/devkitpro/libctru/lib/libctru.a(ndsp-channel.o)
                              OSGLU3DS.o (ndspChnSetFormat)
/opt/devkitpro/libctru/lib/libctru.a(gspgpu.o)
                              /opt/devkitpro/libctru/lib/libctru.a(gfx.o) (gspInit)
/opt/devkitpro/libctru/lib/libctru.a(cfgu.o)
                              /opt/devkitpro/libctru/lib/libctru.a(ndsp.o) (cfguInit)
/opt/devkitpro/libctru/lib/libctru.a(dsp.o)
                              /opt/devkitpro/libctru/lib/libctru.a(ndsp.o) (dspExit)
/opt/devkitpro/libctru/lib/libctru.a(fs.o)
[...]
Memory Configuration

Name             Origin             Length             Attributes
*default*        0x0000000000000000 0xffffffffffffffff

Linker script and memory map

                0x0000000000100000                PROVIDE (__start__ = 0x100000)
                0x0000000000100000                . = __start__

.text           0x0000000000100000    0x3ec70
 *(.crt0)
 .crt0          0x0000000000100000       0x94 /opt/devkitpro/devkitARM/lib/gcc/arm-none-eabi/9.1.0/../../../../arm-none-eabi/lib/armv6k/fpu/3dsx_crt0.o
                0x0000000000100000                _start
                0x0000000000100008                __service_ptr
                0x000000000010000c                __apt_appid
                0x0000000000100010                __heap_size
                0x0000000000100014                __linear_heap_size
                0x0000000000100018                __system_arglist
                0x000000000010001c                __system_runflags
 *(.init)
 .init          0x0000000000100094        0xc /opt/devkitpro/devkitARM/lib/gcc/arm-none-eabi/9.1.0/armv6k/fpu/crti.o
                0x0000000000100094                _init
 .init          0x00000000001000a0        0xc /opt/devkitpro/devkitARM/lib/gcc/arm-none-eabi/9.1.0/armv6k/fpu/crtn.o
                0x00000000001000ac                . = ALIGN (0x4)
 *(.text)
 .text          0x00000000001000ac       0x64 /opt/devkitpro/libctru/lib/libctru.a(stack_adjust.o)
                0x00000000001000ac                initSystem
                0x00000000001000f0                __ctru_exit
 .text          0x0000000000100110      0x20c /opt/devkitpro/devkitARM/lib/gcc/arm-none-eabi/9.1.0/armv6k/fpu/libgcc.a(_udivsi3.o)
                0x0000000000100110                __udivsi3
                0x0000000000100110                __aeabi_uidiv
                0x00000000001002fc                __aeabi_uidivmod
 .text          0x000000000010031c      0x240 /opt/devkitpro/devkitARM/lib/gcc/arm-none-eabi/9.1.0/armv6k/fpu/libgcc.a(_divsi3.o)
                0x000000000010031c                __aeabi_idiv
                0x000000000010031c                __divsi3
                0x000000000010053c                __aeabi_idivmod
 .text          0x000000000010055c        0x4 /opt/devkitpro/devkitARM/lib/gcc/arm-none-eabi/9.1.0/armv6k/fpu/libgcc.a(_dvmd_tls.o)
                0x000000000010055c                __aeabi_ldiv0
                0x000000000010055c                __aeabi_idiv0
 .text          0x0000000000100560      0x3c0 /opt/devkitpro/devkitARM/lib/gcc/arm-none-eabi/9.1.0/armv6k/fpu/libgcc.a(_arm_addsubdf3.o)
                0x0000000000100560                __aeabi_drsub
                0x0000000000100568                __aeabi_dsub
                0x0000000000100568                __subdf3
                0x000000000010056c                __adddf3
                0x000000000010056c                __aeabi_dadd
                0x0000000000100818                __aeabi_ui2d
                0x0000000000100818                __floatunsidf
                0x000000000010083c                __floatsidf
                0x000000000010083c                __aeabi_i2d
                0x0000000000100864                __extendsfdf2
                0x0000000000100864                __aeabi_f2d
                0x00000000001008ac                __aeabi_ul2d
                0x00000000001008ac                __floatundidf
                0x00000000001008c0                __floatdidf
                0x00000000001008c0                __aeabi_l2d
 .text          0x0000000000100920       0x3c /opt/devkitpro/devkitARM/lib/gcc/arm-none-eabi/9.1.0/armv6k/fpu/libgcc.a(_aeabi_uldivmod.o)
                0x0000000000100920                __aeabi_uldivmod
 *fill*         0x000000000010095c        0x4 
 .text          0x0000000000100960      0x390 /opt/devkitpro/devkitARM/lib/gcc/arm-none-eabi/9.1.0/../../../../arm-none-eabi/lib/armv6k/fpu/libg.a(lib_a-strcmp.o)
                0x0000000000100968                strcmp
 *(.text.*)
 .text.deregister_tm_clones
                0x0000000000100cf0       0x2c /opt/devkitpro/devkitARM/lib/gcc/arm-none-eabi/9.1.0/armv6k/fpu/crtbegin.o
 .text.register_tm_clones
                0x0000000000100d1c       0x38 /opt/devkitpro/devkitARM/lib/gcc/arm-none-eabi/9.1.0/armv6k/fpu/crtbegin.o
 .text.__do_global_dtors_aux
                0x0000000000100d54       0x44 /opt/devkitpro/devkitARM/lib/gcc/arm-none-eabi/9.1.0/armv6k/fpu/crtbegin.o
 .text.frame_dummy
                0x0000000000100d98       0x34 /opt/devkitpro/devkitARM/lib/gcc/arm-none-eabi/9.1.0/armv6k/fpu/crtbegin.o
 .text.DecodeAddr_Indirect
                0x0000000000100dcc       0x10 MINEM68K.o
 .text.DecodeAddr_APosIncB
                0x0000000000100ddc       0x1c MINEM68K.o
 .text.DecodeAddr_APosIncW
                0x0000000000100df8       0x1c MINEM68K.o
 .text.DecodeAddr_APosIncL
                0x0000000000100e14       0x1c MINEM68K.o
 .text.DecodeAddr_APreDecB
                0x0000000000100e30       0x1c MINEM68K.o
 .text.DecodeAddr_APreDecW
                0x0000000000100e4c       0x1c MINEM68K.o
 .text.DecodeAddr_APreDecL
                0x0000000000100e68       0x1c MINEM68K.o
 .text.DecodeGetSrcDst_RegB
                0x0000000000100e84       0x14 MINEM68K.o
 .text.DecodeGetSrcDst_RegW
                0x0000000000100e98       0x14 MINEM68K.o
 .text.DecodeGetSrcDst_RegL
                0x0000000000100eac       0x10 MINEM68K.o
 .text.DecodeGetSrcDst_Dat4
                0x0000000000100ebc        0x4 MINEM68K.o
 .text.DecodeSetSrcDst_RegB
                0x0000000000100ec0       0x10 MINEM68K.o
 .text.DecodeSetSrcDst_RegW
                0x0000000000100ed0       0x14 MINEM68K.o
 .text.DecodeSetSrcDst_RegL
                0x0000000000100ee4       0x10 MINEM68K.o
 .text.ArgSetDstRegBValue
                0x0000000000100ef4       0x14 MINEM68K.o
 .text.ArgSetDstRegWValue
                0x0000000000100f08       0x14 MINEM68K.o
 .text.ArgSetDstRegLValue
                0x0000000000100f1c       0x14 MINEM68K.o
 .text.DecodeGetSetSrcDst_RegB
                0x0000000000100f30       0x28 MINEM68K.o
 .text.DecodeGetSetSrcDst_RegW
                0x0000000000100f58       0x28 MINEM68K.o
 .text.DecodeGetSetSrcDst_RegL
                0x0000000000100f80       0x24 MINEM68K.o
 .text.cctrue_T
                0x0000000000100fa4        0x4 MINEM68K.o
 .text.cctrue_F
                0x0000000000100fa8        0x4 MINEM68K.o
 .text.cctrue_HI
                0x0000000000100fac       0x20 MINEM68K.o
 .text.cctrue_LS
                0x0000000000100fcc       0x20 MINEM68K.o
 .text.cctrue_CC
                0x0000000000100fec       0x1c MINEM68K.o
 .text.cctrue_CS
                0x0000000000101008       0x1c MINEM68K.o
 .text.cctrue_NE
                0x0000000000101024       0x1c MINEM68K.o
 .text.cctrue_EQ
                0x0000000000101040       0x1c MINEM68K.o
 .text.cctrue_VC
                0x000000000010105c       0x1c MINEM68K.o
 .text.cctrue_VS
                0x0000000000101078       0x1c MINEM68K.o
 .text.cctrue_PL
                0x0000000000101094       0x1c MINEM68K.o
 .text.cctrue_MI
                0x00000000001010b0       0x1c MINEM68K.o
 .text.cctrue_GE
                0x00000000001010cc       0x20 MINEM68K.o
 .text.cctrue_LT
                0x00000000001010ec       0x20 MINEM68K.o
 .text.cctrue_GT
                0x000000000010110c       0x28 MINEM68K.o
 .text.cctrue_LE
                0x0000000000101134       0x28 MINEM68K.o
 .text.Ui5rASR  0x000000000010115c       0x14 MINEM68K.o
 .text.cctrue_TstL_HI
                0x0000000000101170       0x1c MINEM68K.o
 .text.cctrue_TstL_LS
                0x000000000010118c       0x1c MINEM68K.o
 .text.cctrue_TstL_NE
                0x00000000001011a8       0x1c MINEM68K.o
 .text.cctrue_TstL_EQ
                0x00000000001011c4       0x1c MINEM68K.o
 .text.cctrue_TstL_PL
                0x00000000001011e0       0x1c MINEM68K.o
 .text.cctrue_TstL_MI
                0x00000000001011fc       0x1c MINEM68K.o
 .text.cctrue_TstL_GE
                0x0000000000101218       0x1c MINEM68K.o
 .text.cctrue_TstL_LT
                0x0000000000101234       0x1c MINEM68K.o
 .text.cctrue_TstL_GT
                0x0000000000101250       0x1c MINEM68K.o
 .text.cctrue_TstL_LE
                0x000000000010126c       0x1c MINEM68K.o
 .text.cctrue_CmpB_HI
                0x0000000000101288       0x20 MINEM68K.o
 .text.cctrue_CmpB_LS
                0x00000000001012a8       0x20 MINEM68K.o
 .text.cctrue_CmpB_CC
                0x00000000001012c8       0x20 MINEM68K.o
 .text.cctrue_CmpB_CS
                0x00000000001012e8       0x20 MINEM68K.o
 .text.cctrue_CmpB_NE
                0x0000000000101308       0x20 MINEM68K.o
 .text.cctrue_CmpB_EQ
                0x0000000000101328       0x20 MINEM68K.o
 .text.cctrue_CmpB_PL
                0x0000000000101348       0x20 MINEM68K.o
 .text.cctrue_CmpB_MI
                0x0000000000101368       0x20 MINEM68K.o
 .text.cctrue_CmpB_GE
                0x0000000000101388       0x20 MINEM68K.o
 .text.cctrue_CmpB_LT
                0x00000000001013a8       0x20 MINEM68K.o
 .text.cctrue_CmpB_GT
                0x00000000001013c8       0x20 MINEM68K.o
 .text.cctrue_CmpB_LE
                0x00000000001013e8       0x20 MINEM68K.o
 .text.cctrue_CmpW_HI
                0x0000000000101408       0x20 MINEM68K.o
 .text.cctrue_CmpW_LS
                0x0000000000101428       0x20 MINEM68K.o
 .text.cctrue_CmpW_CC
                0x0000000000101448       0x20 MINEM68K.o
 .text.cctrue_CmpW_CS
                0x0000000000101468       0x20 MINEM68K.o
 .text.cctrue_CmpW_NE
                0x0000000000101488       0x20 MINEM68K.o
 .text.cctrue_CmpW_EQ
                0x00000000001014a8       0x20 MINEM68K.o
 .text.cctrue_CmpW_PL
                0x00000000001014c8       0x20 MINEM68K.o
 .text.cctrue_CmpW_MI
                0x00000000001014e8       0x20 MINEM68K.o
 .text.cctrue_CmpW_GE
                0x0000000000101508       0x20 MINEM68K.o
 .text.cctrue_CmpW_LT
                0x0000000000101528       0x20 MINEM68K.o
 .text.cctrue_CmpW_GT
                0x0000000000101548       0x20 MINEM68K.o
 .text.cctrue_CmpW_LE
                0x0000000000101568       0x20 MINEM68K.o
 .text.cctrue_CmpL_HI
                0x0000000000101588       0x20 MINEM68K.o
 .text.cctrue_CmpL_LS
                0x00000000001015a8       0x20 MINEM68K.o
 .text.cctrue_CmpL_CC
                0x00000000001015c8       0x20 MINEM68K.o
 .text.cctrue_CmpL_CS
                0x00000000001015e8       0x20 MINEM68K.o
 .text.cctrue_CmpL_NE
                0x0000000000101608       0x20 MINEM68K.o
 .text.cctrue_CmpL_EQ
                0x0000000000101628       0x20 MINEM68K.o
 .text.cctrue_CmpL_PL
                0x0000000000101648       0x20 MINEM68K.o
 .text.cctrue_CmpL_MI
                0x0000000000101668       0x20 MINEM68K.o
 .text.cctrue_CmpL_GE
                0x0000000000101688       0x20 MINEM68K.o
 .text.cctrue_CmpL_LT
                0x00000000001016a8       0x20 MINEM68K.o
 .text.cctrue_CmpL_GT
                0x00000000001016c8       0x20 MINEM68K.o
 .text.cctrue_CmpL_LE
                0x00000000001016e8       0x20 MINEM68K.o
 .text.cctrue_Asr_CC
                0x0000000000101708       0x24 MINEM68K.o
 .text.cctrue_Asr_CS
                0x000000000010172c       0x24 MINEM68K.o
 .text.cctrue_AslB_CC
                0x0000000000101750       0x24 MINEM68K.o
 .text.cctrue_AslB_CS
                0x0000000000101774       0x24 MINEM68K.o
 .text.cctrue_AslB_VC
                0x0000000000101798       0x44 MINEM68K.o
 .text.cctrue_AslB_VS
                0x00000000001017dc       0x44 MINEM68K.o
 .text.cctrue_AslW_CC
                0x0000000000101820       0x24 MINEM68K.o
 .text.cctrue_AslW_CS
                0x0000000000101844       0x24 MINEM68K.o
 .text.cctrue_AslW_VC
                0x0000000000101868       0x44 MINEM68K.o
 .text.cctrue_AslW_VS
                0x00000000001018ac       0x44 MINEM68K.o
 .text.cctrue_AslL_CC
                0x00000000001018f0       0x24 MINEM68K.o
 .text.cctrue_AslL_CS
                0x0000000000101914       0x24 MINEM68K.o
 .text.cctrue_AslL_VC
                0x0000000000101938       0x3c MINEM68K.o
 .text.cctrue_AslL_VS
                0x0000000000101974       0x3c MINEM68K.o
 .text.NeedDefaultLazyXFlagSubB
                0x00000000001019b0       0x2c MINEM68K.o
 .text.NeedDefaultLazyXFlagSubW
                0x00000000001019dc       0x2c MINEM68K.o
 .text.NeedDefaultLazyXFlagSubL
                0x0000000000101a08       0x2c MINEM68K.o
 .text.NeedDefaultLazyXFlagAddB
                0x0000000000101a34       0x34 MINEM68K.o
 .text.NeedDefaultLazyXFlagAddW
                0x0000000000101a68       0x34 MINEM68K.o
 .text.NeedDefaultLazyXFlagAddL
                0x0000000000101a9c       0x2c MINEM68K.o
 .text.NeedDefaultLazyXFlagNegB
                0x0000000000101ac8       0x24 MINEM68K.o
 .text.NeedDefaultLazyXFlagNegW
                0x0000000000101aec       0x24 MINEM68K.o
 .text.NeedDefaultLazyXFlagNegL
                0x0000000000101b10       0x24 MINEM68K.o
 .text.NeedDefaultLazyXFlagAsr
                0x0000000000101b34       0x2c MINEM68K.o
 .text.NeedDefaultLazyXFlagAslB
                0x0000000000101b60       0x2c MINEM68K.o
 .text.NeedDefaultLazyXFlagAslW
                0x0000000000101b8c       0x2c MINEM68K.o
 .text.NeedDefaultLazyXFlagAslL
                0x0000000000101bb8       0x2c MINEM68K.o
 .text.NeedDefaultLazyXFlagDefault
                0x0000000000101be4        0x4 MINEM68K.o
 .text.NeedDefaultLazyXFlag
                0x0000000000101be8       0x1c MINEM68K.o
 .text.NeedDefaultLazyFlagsTstL
                0x0000000000101c04       0x34 MINEM68K.o
 .text.NeedDefaultLazyFlagsCmpB
                0x0000000000101c38       0x68 MINEM68K.o
 .text.NeedDefaultLazyFlagsCmpW
                0x0000000000101ca0       0x68 MINEM68K.o
 .text.NeedDefaultLazyFlagsCmpL
                0x0000000000101d08       0x70 MINEM68K.o
 .text.NeedDefaultLazyFlagsSubB
                0x0000000000101d78       0x68 MINEM68K.o
 .text.NeedDefaultLazyFlagsSubW
                0x0000000000101de0       0x68 MINEM68K.o
 .text.NeedDefaultLazyFlagsSubL
                0x0000000000101e48       0x70 MINEM68K.o
 .text.NeedDefaultLazyFlagsAddB
                0x0000000000101eb8       0x60 MINEM68K.o
 .text.NeedDefaultLazyFlagsAddW
                0x0000000000101f18       0x60 MINEM68K.o
 .text.NeedDefaultLazyFlagsAddL
                0x0000000000101f78       0x78 MINEM68K.o
 .text.NeedDefaultLazyFlagsNegCommon
                0x0000000000101ff0       0x40 MINEM68K.o
 .text.NeedDefaultLazyFlagsNegB
                0x0000000000102030       0x18 MINEM68K.o
 .text.NeedDefaultLazyFlagsNegW
                0x0000000000102048       0x18 MINEM68K.o
 .text.NeedDefaultLazyFlagsNegL
                0x0000000000102060       0x14 MINEM68K.o
 .text.NeedDefaultLazyFlagsAsr
                0x0000000000102074       0x50 MINEM68K.o
 .text.NeedDefaultLazyFlagsAslB
                0x00000000001020c4       0x68 MINEM68K.o
 .text.NeedDefaultLazyFlagsAslW
                0x000000000010212c       0x68 MINEM68K.o
 .text.NeedDefaultLazyFlagsAslL
                0x0000000000102194       0x60 MINEM68K.o
 .text.NeedDefaultLazyAllFlags0
                0x00000000001021f4       0x20 MINEM68K.o
 .text.NeedDefaultLazyFlagsZSet
                0x0000000000102214       0x24 MINEM68K.o
 .text.cctrue_Dflt
                0x0000000000102238       0x4c MINEM68K.o
 .text.DoCodeCmpB
                0x0000000000102284       0x58 MINEM68K.o
 .text.DoCodeCmpW
                0x00000000001022dc       0x58 MINEM68K.o
 .text.DoCodeCmpL
                0x0000000000102334       0x58 MINEM68K.o
 .text.DoCodeMoveL
                0x000000000010238c       0x4c MINEM68K.o
 .text.DoCodeMoveW
                0x00000000001023d8       0x4c MINEM68K.o
 .text.DoCodeMoveB
                0x0000000000102424       0x4c MINEM68K.o
 .text.DoCodeTst
                0x0000000000102470       0x38 MINEM68K.o
 .text.DoCodeBccB_f
                0x00000000001024a8        0x4 MINEM68K.o
 .text.DoCodeBccB
                0x00000000001024ac       0x38 MINEM68K.o
 .text.DoCodeBccW
                0x00000000001024e4       0x38 MINEM68K.o
 .text.DoCodeDBcc
                0x000000000010251c       0x38 MINEM68K.o
 .text.DoCodeSwap
                0x0000000000102554       0x28 MINEM68K.o
 .text.DoCodeMoveA
                0x000000000010257c       0x38 MINEM68K.o
 .text.DoCodeMoveQ
                0x00000000001025b4       0x24 MINEM68K.o
 .text.DoCodeAddB
                0x00000000001025d8       0x74 MINEM68K.o
 .text.DoCodeAddW
                0x000000000010264c       0x74 MINEM68K.o
 .text.DoCodeAddL
                0x00000000001026c0       0x70 MINEM68K.o
 .text.DoCodeSubB
                0x0000000000102730       0x74 MINEM68K.o
 .text.DoCodeSubW
                0x00000000001027a4       0x74 MINEM68K.o
 .text.DoCodeSubL
                0x0000000000102818       0x70 MINEM68K.o
 .text.DoCodeLea
                0x0000000000102888       0x38 MINEM68K.o
 .text.DoCodeClr
                0x00000000001028c0       0x34 MINEM68K.o
 .text.DoCodeAddA
                0x00000000001028f4       0x54 MINEM68K.o
 .text.DoCodeSubA
                0x0000000000102948       0x54 MINEM68K.o
 .text.DoCodeCmpA
                0x000000000010299c       0x58 MINEM68K.o
 .text.m68k_getCR
                0x00000000001029f4       0x3c MINEM68K.o
 .text.m68k_setCR
                0x0000000000102a30       0x50 MINEM68K.o
 .text.m68k_getSR
                0x0000000000102a80       0x44 MINEM68K.o
 .text.NeedToGetOut
                0x0000000000102ac4       0x28 MINEM68K.o
 .text.SetExternalInterruptPending
                0x0000000000102aec       0x14 MINEM68K.o
 .text.m68k_setSR
                0x0000000000102b00       0xe4 MINEM68K.o
 .text.SetCCRforAddX
                0x0000000000102be4       0x7c MINEM68K.o
 .text.DoCodeAddXB
                0x0000000000102c60       0x60 MINEM68K.o
 .text.DoCodeAddXW
                0x0000000000102cc0       0x70 MINEM68K.o
 .text.DoCodeAddXL
                0x0000000000102d30       0xa8 MINEM68K.o
 .text.SetCCRforSubX
                0x0000000000102dd8       0x6c MINEM68K.o
 .text.DoCodeSubXB
                0x0000000000102e44       0x60 MINEM68K.o
 .text.DoCodeSubXW
                0x0000000000102ea4       0x70 MINEM68K.o
 .text.DoCodeSubXL
                0x0000000000102f14       0xa8 MINEM68K.o
 .text.DoCodeNullShift
                0x0000000000102fbc       0x1c MINEM68K.o
 .text.DoCodeOverAsl
                0x0000000000102fd8       0x34 MINEM68K.o
 .text.DoCodeMaxAsr
                0x000000000010300c       0x40 MINEM68K.o
 .text.DoCodeAslB
                0x000000000010304c       0xa8 MINEM68K.o
 .text.DoCodeAslW
                0x00000000001030f4       0xa8 MINEM68K.o
 .text.DoCodeAslL
                0x000000000010319c       0xa0 MINEM68K.o
 .text.DoCodeOverShift
                0x000000000010323c       0x24 MINEM68K.o
 .text.DoCodeOverShiftN
                0x0000000000103260       0x30 MINEM68K.o
 .text.DoCodeOverAShift
                0x0000000000103290       0x10 MINEM68K.o
 .text.DoCodeAsrB
                0x00000000001032a0       0x94 MINEM68K.o
 .text.DoCodeAsrW
                0x0000000000103334       0x94 MINEM68K.o
 .text.DoCodeAsrL
                0x00000000001033c8       0x94 MINEM68K.o
 .text.DoCodeMaxLslShift
                0x000000000010345c       0x34 MINEM68K.o
 .text.DoCodeLslB
                0x0000000000103490       0xbc MINEM68K.o
 .text.DoCodeLslW
                0x000000000010354c       0xbc MINEM68K.o
 .text.DoCodeLslL
                0x0000000000103608       0xb8 MINEM68K.o
 .text.DoCodeLsrB
                0x00000000001036c0       0xa8 MINEM68K.o
 .text.DoCodeLsrW
                0x0000000000103768       0xa8 MINEM68K.o
 .text.DoCodeLsrL
                0x0000000000103810       0xa4 MINEM68K.o
 .text.DecodeGetSrcSetDstValueDfltFlags_nm
                0x00000000001038b4       0x48 MINEM68K.o
 .text.DoCodeNullXShift
                0x00000000001038fc       0x3c MINEM68K.o
 .text.DoCodeRxlB
                0x0000000000103938       0x70 MINEM68K.o
 .text.DoCodeRxlW
                0x00000000001039a8       0x70 MINEM68K.o
 .text.DoCodeRxlL
                0x0000000000103a18       0x70 MINEM68K.o
 .text.DoCodeRxrB
                0x0000000000103a88       0x70 MINEM68K.o
 .text.DoCodeRxrW
                0x0000000000103af8       0x70 MINEM68K.o
 .text.DoCodeRxrL
                0x0000000000103b68       0x70 MINEM68K.o
 .text.DoCodeRolB
                0x0000000000103bd8       0xb4 MINEM68K.o
 .text.DoCodeRolW
                0x0000000000103c8c       0xb4 MINEM68K.o
 .text.DoCodeRolL
                0x0000000000103d40       0xa8 MINEM68K.o
 .text.DoCodeRorB
                0x0000000000103de8       0xb0 MINEM68K.o
 .text.DoCodeRorW
                0x0000000000103e98       0xb0 MINEM68K.o
 .text.DoCodeRorL
                0x0000000000103f48       0xa4 MINEM68K.o
 .text.WillSetZFLG
                0x0000000000103fec       0x24 MINEM68K.o
 .text.DoCodeBTstB
                0x0000000000104010       0x5c MINEM68K.o
 .text.DoCodeBTstL
                0x000000000010406c       0x5c MINEM68K.o
 .text.DoCodeBChgB
                0x00000000001040c8       0x6c MINEM68K.o
 .text.DoCodeBChgL
                0x0000000000104134       0x6c MINEM68K.o
 .text.DoCodeBClrB
                0x00000000001041a0       0x6c MINEM68K.o
 .text.DoCodeBClrL
                0x000000000010420c       0x6c MINEM68K.o
 .text.DoCodeBSetB
                0x0000000000104278       0x6c MINEM68K.o
 .text.DoCodeBSetL
                0x00000000001042e4       0x6c MINEM68K.o
 .text.DoCodeAnd
                0x0000000000104350       0x60 MINEM68K.o
 .text.DoCodeOr
                0x00000000001043b0       0x60 MINEM68K.o
 .text.DoCodeEor
                0x0000000000104410       0x60 MINEM68K.o
 .text.DoCodeNot
                0x0000000000104470       0x44 MINEM68K.o
 .text.DoCodeScc_t
                0x00000000001044b4       0x28 MINEM68K.o
 .text.DoCodeScc_f
                0x00000000001044dc       0x28 MINEM68K.o
 .text.DoCodeScc
                0x0000000000104504       0x38 MINEM68K.o
 .text.DoCodeEXTL
                0x000000000010453c       0x28 MINEM68K.o
 .text.DoCodeEXTW
                0x0000000000104564       0x38 MINEM68K.o
 .text.DoCodeNegB
                0x000000000010459c       0x50 MINEM68K.o
 .text.DoCodeNegW
                0x00000000001045ec       0x50 MINEM68K.o
 .text.DoCodeNegL
                0x000000000010463c       0x4c MINEM68K.o
 .text.SetCCRforNegX
                0x0000000000104688       0x4c MINEM68K.o
 .text.DoCodeNegXB
                0x00000000001046d4       0x44 MINEM68K.o
 .text.DoCodeNegXW
                0x0000000000104718       0x54 MINEM68K.o
 .text.DoCodeNegXL
                0x000000000010476c       0x64 MINEM68K.o
 .text.DoCodeMulU
                0x00000000001047d0       0x50 MINEM68K.o
 .text.DoCodeMulS
                0x0000000000104820       0x48 MINEM68K.o
 .text.DoCodeExg
                0x0000000000104868       0x24 MINEM68K.o
 .text.DoCodeMoveEaCR
                0x000000000010488c       0x34 MINEM68K.o
 .text.DoCodeAbcd
                0x00000000001048c0       0xac MINEM68K.o
 .text.DoCodeSbcd
                0x000000000010496c       0xc0 MINEM68K.o
 .text.DoCodeNbcd
                0x0000000000104a2c       0xc4 MINEM68K.o
 .text.DoCodeNop
                0x0000000000104af0        0x4 MINEM68K.o
 .text.DoCodeTas
                0x0000000000104af4       0x44 MINEM68K.o
 .text.DoCodeCallMorRtm
                0x0000000000104b38        0x4 MINEM68K.o
 .text.DoCodeMoveCCREa
                0x0000000000104b3c       0x30 MINEM68K.o
 .text.DoCodeBccL
                0x0000000000104b6c       0x38 MINEM68K.o
 .text.DoCodeEXTBL
                0x0000000000104ba4       0x28 MINEM68K.o
 .text.DoCodeTRAPcc_f
                0x0000000000104bcc        0x4 MINEM68K.o
 .text.Ui6Div   0x0000000000104bd0       0xd0 MINEM68K.o
 .text.estimateDiv128To64
                0x0000000000104ca0      0x1c8 MINEM68K.o
 .text.estimateSqrt32
                0x0000000000104e68       0xb0 MINEM68K.o
 .text.countLeadingZeros32
                0x0000000000104f18       0x3c MINEM68K.o
 .text.countLeadingZeros64
                0x0000000000104f54       0x40 MINEM68K.o
 .text.float_raise
                0x0000000000104f94       0x18 MINEM68K.o
 .text.float128_is_nan
                0x0000000000104fac       0x64 MINEM68K.o
 .text.float128_is_signaling_nan
                0x0000000000105010       0x6c MINEM68K.o
 .text.float128ToCommonNaN
                0x000000000010507c       0x7c MINEM68K.o
 .text.propagateFloat128NaN
                0x00000000001050f8      0x1a0 MINEM68K.o
 .text.roundAndPackInt32
                0x0000000000105298      0x18c MINEM68K.o
 .text.normalizeFloatx80Subnormal
                0x0000000000105424       0x44 MINEM68K.o
 .text.roundAndPackFloatx80
                0x0000000000105468      0x7bc MINEM68K.o
 .text.normalizeRoundAndPackFloatx80
                0x0000000000105c24       0xe0 MINEM68K.o
 .text.normalizeFloat128Subnormal
                0x0000000000105d04      0x134 MINEM68K.o
 .text.roundAndPackFloat128
                0x0000000000105e38      0x58c MINEM68K.o
 .text.normalizeRoundAndPackFloat128
                0x00000000001063c4      0x1fc MINEM68K.o
 .text.int32_to_floatx80
                0x00000000001065c0       0x74 MINEM68K.o
 .text.addFloat128Sigs
                0x0000000000106634      0x79c MINEM68K.o
 .text.subFloat128Sigs
                0x0000000000106dd0      0x5fc MINEM68K.o
 .text.float128_add
                0x00000000001073cc       0x98 MINEM68K.o
 .text.float128_sub
                0x0000000000107464       0x98 MINEM68K.o
 .text.float128_mul
                0x00000000001074fc      0x6b0 MINEM68K.o
 .text.float128_div
                0x0000000000107bac      0xa4c MINEM68K.o
 .text.normalizeFloat32Subnormal
                0x00000000001085f8       0x2c MINEM68K.o
 .text.float32_is_signaling_nan
                0x0000000000108624       0x30 MINEM68K.o
 .text.float32ToCommonNaN
                0x0000000000108654       0x50 MINEM68K.o
 .text.roundAndPackFloat32
                0x00000000001086a4      0x158 MINEM68K.o
 .text.float64_is_signaling_nan
                0x00000000001087fc       0x50 MINEM68K.o
 .text.float64ToCommonNaN
                0x000000000010884c       0x60 MINEM68K.o
 .text.normalizeFloat64Subnormal
                0x00000000001088ac       0x4c MINEM68K.o
 .text.roundAndPackFloat64
                0x00000000001088f8      0x278 MINEM68K.o
 .text.floatx80_chs
                0x0000000000108b70       0x20 MINEM68K.o
 .text.remainder_kernel
                0x0000000000108b90      0x1cc MINEM68K.o
 .text.EvalPoly
                0x0000000000108d5c      0x234 MINEM68K.o
 .text.EvenPoly
                0x0000000000108f90       0x70 MINEM68K.o
 .text.OddPoly  0x0000000000109000       0x78 MINEM68K.o
 .text.poly_ln  0x0000000000109078       0x54 MINEM68K.o
 .text.poly_l2  0x00000000001090cc       0xf4 MINEM68K.o
 .text.poly_l2p1
                0x00000000001091c0       0xd0 MINEM68K.o
 .text.poly_exp
                0x0000000000109290       0x7c MINEM68K.o
 *fill*         0x000000000010930c        0x4 
 .text.argument_reduction_kernel
                0x0000000000109310      0x2d0 MINEM68K.o
 .text.reduce_trig_arg
                0x00000000001095e0      0x1e0 MINEM68K.o
 .text.poly_atan
                0x00000000001097c0       0x54 MINEM68K.o
 .text.myfp_ToExtendedFormat
                0x0000000000109814       0x20 MINEM68K.o
 .text.myfp_FromLong
                0x0000000000109834       0x28 MINEM68K.o
 .text.myfp_IsInf
                0x000000000010985c       0x3c MINEM68K.o
 .text.myfp_IsZero
                0x0000000000109898       0x3c MINEM68K.o
 .text.myfp_Abs
                0x00000000001098d4       0x20 MINEM68K.o
 .text.myfp_Neg
                0x00000000001098f4       0x1c MINEM68K.o
 .text.myfp_getCR
                0x0000000000109910      0x334 MINEM68K.o
 .text.myfp_SetFPCR
                0x0000000000109c44       0xa8 MINEM68K.o
 .text.myfp_GetFPCR
                0x0000000000109cec       0x5c MINEM68K.o
 .text.myfp_SetFPSR
                0x0000000000109d48       0x10 MINEM68K.o
 .text.myfp_GetFPSR
                0x0000000000109d58       0x10 MINEM68K.o
 .text.myfp_GetConditionCodeByte
                0x0000000000109d68       0x14 MINEM68K.o
 .text.myfp_SetConditionCodeByte
                0x0000000000109d7c       0x10 MINEM68K.o
 .text.myfp_SetFPIAR
                0x0000000000109d8c       0x10 MINEM68K.o
 .text.myfp_GetFPIAR
                0x0000000000109d9c       0x10 MINEM68K.o
 .text.CheckFPCondition
                0x0000000000109dac      0x1a0 MINEM68K.o
 .text.CountCSIAlist
                0x0000000000109f4c       0x1c MINEM68K.o
 .text.LocalFindATTel
                0x0000000000109f68       0x68 MINEM68K.o
 .text.SetUpMATC
                0x0000000000109fd0       0x24 MINEM68K.o
 .text.do_trace
                0x0000000000109ff4       0x14 MINEM68K.o
 .text.get_byte_ext
                0x000000000010a008       0x8c MINEM68K.o
 .text.get_byte
                0x000000000010a094       0x38 MINEM68K.o
 .text.GetArgValueB
                0x000000000010a0cc       0x24 MINEM68K.o
 .text.DecodeGetSrcDst_APreDec7B
                0x000000000010a0f0       0x1c MINEM68K.o
 .text.DecodeGetSrcDst_APreDecB
                0x000000000010a10c       0x1c MINEM68K.o
 .text.DecodeGetSrcDst_APosInc7B
                0x000000000010a128       0x1c MINEM68K.o
 .text.DecodeGetSrcDst_APosIncB
                0x000000000010a144       0x1c MINEM68K.o
 .text.DecodeGetSrcDst_IndirectB
                0x000000000010a160       0x10 MINEM68K.o
 .text.getarg_byte
                0x000000000010a170       0x1c MINEM68K.o
 .text.DecodeGetSetSrcDst_APreDec7B
                0x000000000010a18c       0x1c MINEM68K.o
 .text.DecodeGetSetSrcDst_APreDecB
                0x000000000010a1a8       0x1c MINEM68K.o
 .text.DecodeGetSetSrcDst_APosInc7B
                0x000000000010a1c4       0x1c MINEM68K.o
 .text.DecodeGetSetSrcDst_APosIncB
                0x000000000010a1e0       0x1c MINEM68K.o
 .text.DecodeGetSetSrcDst_IndirectB
                0x000000000010a1fc       0x10 MINEM68K.o
 .text.get_word_ext
                0x000000000010a20c       0xe0 MINEM68K.o
 .text.get_word
                0x000000000010a2ec       0x48 MINEM68K.o
 .text.get_long_misaligned_ext
                0x000000000010a334       0x24 MINEM68K.o
 .text.get_long_misaligned
                0x000000000010a358       0x6c MINEM68K.o
 .text.GetArgValueL
                0x000000000010a3c4       0x24 MINEM68K.o
 .text.DecodeGetSrcDst_APreDecL
                0x000000000010a3e8       0x1c MINEM68K.o
 .text.DecodeGetSrcDst_APosIncL
                0x000000000010a404       0x1c MINEM68K.o
 .text.DecodeGetSrcDst_IndirectL
                0x000000000010a420       0x10 MINEM68K.o
 .text.getarg_long
                0x000000000010a430       0x1c MINEM68K.o
 .text.DecodeGetSetSrcDst_APreDecL
                0x000000000010a44c       0x1c MINEM68K.o
 .text.DecodeGetSetSrcDst_APosIncL
                0x000000000010a468       0x1c MINEM68K.o
 .text.DecodeGetSetSrcDst_IndirectL
                0x000000000010a484       0x10 MINEM68K.o
 .text.DoCodeUnlk
                0x000000000010a494       0x48 MINEM68K.o
 .text.DoCodeUnlkA6
                0x000000000010a4dc       0x28 MINEM68K.o
 .text.GetArgValueW
                0x000000000010a504       0x24 MINEM68K.o
 .text.DecodeGetSrcDst_APreDecW
                0x000000000010a528       0x1c MINEM68K.o
 .text.DecodeGetSrcDst_APosIncW
                0x000000000010a544       0x1c MINEM68K.o
 .text.DecodeGetSrcDst_IndirectW
                0x000000000010a560       0x10 MINEM68K.o
 .text.getarg_word
                0x000000000010a570       0x1c MINEM68K.o
 .text.DecodeGetSetSrcDst_APreDecW
                0x000000000010a58c       0x1c MINEM68K.o
 .text.DecodeGetSetSrcDst_APosIncW
                0x000000000010a5a8       0x1c MINEM68K.o
 .text.DecodeGetSetSrcDst_IndirectW
                0x000000000010a5c4       0x10 MINEM68K.o
 .text.put_byte_ext
                0x000000000010a5d4       0x88 MINEM68K.o
 .text.put_byte
                0x000000000010a65c       0x44 MINEM68K.o
 .text.SetArgValueB
                0x000000000010a6a0       0x2c MINEM68K.o
 .text.DecodeSetSrcDst_APreDec7B
                0x000000000010a6cc       0x20 MINEM68K.o
 .text.DecodeSetSrcDst_APreDecB
                0x000000000010a6ec       0x20 MINEM68K.o
 .text.DecodeSetSrcDst_APosInc7B
                0x000000000010a70c       0x20 MINEM68K.o
 .text.DecodeSetSrcDst_APosIncB
                0x000000000010a72c       0x20 MINEM68K.o
 .text.DecodeSetSrcDst_IndirectB
                0x000000000010a74c       0x18 MINEM68K.o
 .text.ArgSetDstMemBValue
                0x000000000010a764       0x14 MINEM68K.o
 .text.put_word_ext
                0x000000000010a778       0xcc MINEM68K.o
 .text.put_word
                0x000000000010a844       0x54 MINEM68K.o
 .text.put_long_misaligned_ext
                0x000000000010a898       0x24 MINEM68K.o
 .text.put_long_misaligned
                0x000000000010a8bc       0x74 MINEM68K.o
 .text.SetArgValueL
                0x000000000010a930       0x2c MINEM68K.o
 .text.DecodeSetSrcDst_APreDecL
                0x000000000010a95c       0x20 MINEM68K.o
 .text.DecodeSetSrcDst_APosIncL
                0x000000000010a97c       0x20 MINEM68K.o
 .text.DecodeSetSrcDst_IndirectL
                0x000000000010a99c       0x18 MINEM68K.o
 .text.ArgSetDstMemLValue
                0x000000000010a9b4       0x14 MINEM68K.o
 .text.DoCodePEA
                0x000000000010a9c8       0x40 MINEM68K.o
 .text.write_long_double
                0x000000000010aa08       0x58 MINEM68K.o
 .text.SetArgValueW
                0x000000000010aa60       0x2c MINEM68K.o
 .text.DecodeSetSrcDst_APreDecW
                0x000000000010aa8c       0x20 MINEM68K.o
 .text.DecodeSetSrcDst_APosIncW
                0x000000000010aaac       0x20 MINEM68K.o
 .text.DecodeSetSrcDst_IndirectW
                0x000000000010aacc       0x18 MINEM68K.o
 .text.ArgSetDstMemWValue
                0x000000000010aae4       0x14 MINEM68K.o
 .text.Recalc_PC_Block
                0x000000000010aaf8       0xb4 MINEM68K.o
 .text.m68k_go_MaxCycles
                0x000000000010abac      0x128 MINEM68K.o
 .text.nextiword_nm
                0x000000000010acd4       0x48 MINEM68K.o
 .text.DoCodeOrICCR
                0x000000000010ad1c       0x2c MINEM68K.o
 .text.DoCodeAndICCR
                0x000000000010ad48       0x2c MINEM68K.o
 .text.DoCodeEorICCR
                0x000000000010ad74       0x2c MINEM68K.o
 .text.DoCAS    0x000000000010ada0      0x12c MINEM68K.o
 .text.DoCodeMoveP1
                0x000000000010aecc       0x74 MINEM68K.o
 .text.DoCodeMoveP0
                0x000000000010af40       0x4c MINEM68K.o
 .text.DoCodeMOVEMmrL
                0x000000000010af8c       0x68 MINEM68K.o
 .text.DoCodeMOVEMApRL
                0x000000000010aff4       0x60 MINEM68K.o
 .text.DoCodeMOVEMmrW
                0x000000000010b054       0x68 MINEM68K.o
 .text.DoCodeMOVEMApRW
                0x000000000010b0bc       0x60 MINEM68K.o
 .text.DoCodeMoveP3
                0x000000000010b11c       0x58 MINEM68K.o
 .text.DoCodeMoveP2
                0x000000000010b174       0x44 MINEM68K.o
 .text.DoCodeLink
                0x000000000010b1b8       0x40 MINEM68K.o
 .text.DoCodeMOVEMrmL
                0x000000000010b1f8       0x68 MINEM68K.o
 .text.DoCodeMOVEMRmML
                0x000000000010b260       0x84 MINEM68K.o
 .text.DoCodeMOVEMrmW
                0x000000000010b2e4       0x68 MINEM68K.o
 .text.DoCodeMOVEMRmMW
                0x000000000010b34c       0x84 MINEM68K.o
 .text.nextilong_ext
                0x000000000010b3d0       0x78 MINEM68K.o
 .text.DecodeAddr_AbsL
                0x000000000010b448       0x2c MINEM68K.o
 .text.DecodeGetSrcDst_AbsLB
                0x000000000010b474       0x10 MINEM68K.o
 .text.DecodeGetSetSrcDst_AbsLB
                0x000000000010b484       0x10 MINEM68K.o
 .text.DecodeGetSrcDst_AbsLL
                0x000000000010b494       0x10 MINEM68K.o
 .text.DecodeGetSetSrcDst_AbsLL
                0x000000000010b4a4       0x10 MINEM68K.o
 .text.DecodeGetSrcDst_AbsLW
                0x000000000010b4b4       0x10 MINEM68K.o
 .text.DecodeGetSetSrcDst_AbsLW
                0x000000000010b4c4       0x10 MINEM68K.o
 .text.DecodeSetSrcDst_AbsLB
                0x000000000010b4d4       0x1c MINEM68K.o
 .text.DecodeSetSrcDst_AbsLL
                0x000000000010b4f0       0x1c MINEM68K.o
 .text.DecodeSetSrcDst_AbsLW
                0x000000000010b50c       0x1c MINEM68K.o
 .text.DecodeGetSrcDst_ImmedL
                0x000000000010b528       0x2c MINEM68K.o
 .text.DoCodeLinkL
                0x000000000010b554       0x60 MINEM68K.o
 .text.DoCAS2   0x000000000010b5b4      0x218 MINEM68K.o
 .text.DoBitField
                0x000000000010b7cc      0x550 MINEM68K.o
 .text.m68k_setpc
                0x000000000010bd1c       0x30 MINEM68K.o
 .text.ExceptionTo
                0x000000000010bd4c      0x108 MINEM68K.o
 .text.Exception
                0x000000000010be54       0x28 MINEM68K.o
 .text.DoCheckExternalInterruptPending
                0x000000000010be7c       0x44 MINEM68K.o
 .text.DoCHK2orCMP2
                0x000000000010bec0       0xf4 MINEM68K.o
 .text.DoCodeTRAPcc_t
                0x000000000010bfb4        0x8 MINEM68K.o
 .text.m68k_setstopped
                0x000000000010bfbc        0x8 MINEM68K.o
 .text.DoCodeTrapV
                0x000000000010bfc4       0x28 MINEM68K.o
 .text.DoCodeTrap
                0x000000000010bfec       0x10 MINEM68K.o
 .text.DoCodeChk
                0x000000000010bffc       0x84 MINEM68K.o
 .text.DoCodeDivS
                0x000000000010c080       0xd4 MINEM68K.o
 .text.DoCodeDivU
                0x000000000010c154       0xb0 MINEM68K.o
 .text.DoCodeRtr
                0x000000000010c204       0x44 MINEM68K.o
 .text.DoCodeJmp
                0x000000000010c248       0x30 MINEM68K.o
 .text.DoCodeRts
                0x000000000010c278       0x28 MINEM68K.o
 .text.DoCodeJsr
                0x000000000010c2a0       0x60 MINEM68K.o
 .text.DoCodeFPU_Trapcc
                0x000000000010c300       0xb8 MINEM68K.o
 .text.DoPrivilegeViolation
                0x000000000010c3b8       0x3c MINEM68K.o
 .text.DoMOVES  0x000000000010c3f4       0xb8 MINEM68K.o
 .text.DoCodeMoveUSPR
                0x000000000010c4ac       0x28 MINEM68K.o
 .text.DoCodeMoveRUSP
                0x000000000010c4d4       0x28 MINEM68K.o
 .text.DoCodeEorISR
                0x000000000010c4fc       0x40 MINEM68K.o
 .text.DoCodeAndISR
                0x000000000010c53c       0x40 MINEM68K.o
 .text.DoCodeOrISR
                0x000000000010c57c       0x40 MINEM68K.o
 .text.DoCodeMoveEaSR
                0x000000000010c5bc       0x44 MINEM68K.o
 .text.DoCodeMoveSREa
                0x000000000010c600       0x44 MINEM68K.o
 .text.DoCodeStop
                0x000000000010c644       0x2c MINEM68K.o
 .text.DoCodeRte
                0x000000000010c670       0xe8 MINEM68K.o
 .text.DoCodeFdefault
                0x000000000010c758       0x3c MINEM68K.o
 .text.DoCodeFPU_dflt
                0x000000000010c794        0x4 MINEM68K.o
 .text.DoCodeF_InvalidPlusWord
                0x000000000010c798       0x34 MINEM68K.o
 .text.DoCodeFPU_MoveCR
                0x000000000010c7cc       0x50 MINEM68K.o
 .text.op_illg  0x000000000010c81c       0x3c MINEM68K.o
 .text.DoMoveToControl
                0x000000000010c858      0x100 MINEM68K.o
 .text.DoMoveFromControl
                0x000000000010c958       0xf0 MINEM68K.o
 .text.DoCodeBkpt
                0x000000000010ca48        0x4 MINEM68K.o
 .text.DoCodeA  0x000000000010ca4c       0x3c MINEM68K.o
 .text.Recalc_PC_BlockReturnUi5r
                0x000000000010ca88       0x1c MINEM68K.o
 .text.DecodeAddr_ADisp
                0x000000000010caa4       0x4c MINEM68K.o
 .text.DecodeGetSrcDst_ADispB
                0x000000000010caf0       0x10 MINEM68K.o
 .text.DecodeGetSrcDst_ADispL
                0x000000000010cb00       0x10 MINEM68K.o
 .text.DecodeGetSrcDst_ADispW
                0x000000000010cb10       0x10 MINEM68K.o
 .text.DecodeAddr_AbsW
                0x000000000010cb20       0x34 MINEM68K.o
 .text.DecodeGetSrcDst_AbsWB
                0x000000000010cb54       0x10 MINEM68K.o
 .text.DecodeGetSetSrcDst_AbsWB
                0x000000000010cb64       0x10 MINEM68K.o
 .text.DecodeGetSrcDst_AbsWL
                0x000000000010cb74       0x10 MINEM68K.o
 .text.DecodeGetSetSrcDst_AbsWL
                0x000000000010cb84       0x10 MINEM68K.o
 .text.DecodeGetSrcDst_AbsWW
                0x000000000010cb94       0x10 MINEM68K.o
 .text.DecodeGetSetSrcDst_AbsWW
                0x000000000010cba4       0x10 MINEM68K.o
 .text.DecodeSetSrcDst_AbsWB
                0x000000000010cbb4       0x1c MINEM68K.o
 .text.DecodeSetSrcDst_AbsWL
                0x000000000010cbd0       0x1c MINEM68K.o
 .text.DecodeSetSrcDst_AbsWW
                0x000000000010cbec       0x1c MINEM68K.o
 .text.DecodeAddr_PCDisp
                0x000000000010cc08       0x58 MINEM68K.o
 .text.DecodeGetSrcDst_PCDispB
                0x000000000010cc60       0x10 MINEM68K.o
 .text.DecodeGetSetSrcDst_PCDispB
                0x000000000010cc70       0x10 MINEM68K.o
 .text.DecodeGetSrcDst_PCDispL
                0x000000000010cc80       0x10 MINEM68K.o
 .text.DecodeGetSetSrcDst_PCDispL
                0x000000000010cc90       0x10 MINEM68K.o
 .text.DecodeGetSrcDst_PCDispW
                0x000000000010cca0       0x10 MINEM68K.o
 .text.DecodeGetSetSrcDst_PCDispW
                0x000000000010ccb0       0x10 MINEM68K.o
 .text.DecodeSetSrcDst_PCDispB
                0x000000000010ccc0       0x1c MINEM68K.o
 .text.DecodeSetSrcDst_PCDispL
                0x000000000010ccdc       0x1c MINEM68K.o
 .text.DecodeSetSrcDst_PCDispW
                0x000000000010ccf8       0x1c MINEM68K.o
 .text.DecodeGetSrcDst_ImmedB
                0x000000000010cd14       0x28 MINEM68K.o
 .text.DecodeGetSrcDst_ImmedW
                0x000000000010cd3c       0x34 MINEM68K.o
 .text.DoCodePack
                0x000000000010cd70       0x8c MINEM68K.o
 .text.DoCodeUnpk
                0x000000000010cdfc       0x8c MINEM68K.o
 .text.DecodeGetSetSrcDst_ADispB
                0x000000000010ce88       0x54 MINEM68K.o
 .text.get_disp_ea
                0x000000000010cedc      0x194 MINEM68K.o
 .text.DecodeAddr_PCIndex
                0x000000000010d070       0x20 MINEM68K.o
 .text.DecodeGetSrcDst_PCIndexB
                0x000000000010d090       0x10 MINEM68K.o
 .text.DecodeGetSetSrcDst_PCIndexB
                0x000000000010d0a0       0x10 MINEM68K.o
 .text.DecodeGetSrcDst_PCIndexL
                0x000000000010d0b0       0x10 MINEM68K.o
 .text.DecodeGetSetSrcDst_PCIndexL
                0x000000000010d0c0       0x10 MINEM68K.o
 .text.DecodeGetSrcDst_PCIndexW
                0x000000000010d0d0       0x10 MINEM68K.o
 .text.DecodeGetSetSrcDst_PCIndexW
                0x000000000010d0e0       0x10 MINEM68K.o
 .text.DecodeSetSrcDst_PCIndexB
                0x000000000010d0f0       0x1c MINEM68K.o
 .text.DecodeSetSrcDst_PCIndexL
                0x000000000010d10c       0x1c MINEM68K.o
 .text.DecodeSetSrcDst_PCIndexW
                0x000000000010d128       0x1c MINEM68K.o
 .text.DecodeAddr_AIndex
                0x000000000010d144       0x10 MINEM68K.o
 .text.DecodeGetSrcDst_AIndexB
                0x000000000010d154       0x1c MINEM68K.o
 .text.DecodeGetSetSrcDst_AIndexB
                0x000000000010d170       0x1c MINEM68K.o
 .text.DecodeGetSrcDst_AIndexL
                0x000000000010d18c       0x1c MINEM68K.o
 .text.DecodeGetSetSrcDst_AIndexL
                0x000000000010d1a8       0x1c MINEM68K.o
 .text.DecodeGetSrcDst_AIndexW
                0x000000000010d1c4       0x1c MINEM68K.o
 .text.DecodeGetSetSrcDst_AIndexW
                0x000000000010d1e0       0x1c MINEM68K.o
 .text.DecodeSetSrcDst_AIndexB
                0x000000000010d1fc       0x24 MINEM68K.o
 .text.DecodeSetSrcDst_AIndexL
                0x000000000010d220       0x24 MINEM68K.o
 .text.DecodeSetSrcDst_AIndexW
                0x000000000010d244       0x24 MINEM68K.o
 .text.DecodeGetSetSrcDst_ADispL
                0x000000000010d268       0x54 MINEM68K.o
 .text.DecodeGetSetSrcDst_ADispW
                0x000000000010d2bc       0x54 MINEM68K.o
 .text.DecodeSetSrcDst_ADispB
                0x000000000010d310       0x60 MINEM68K.o
 .text.DecodeSetSrcDst_ADispL
                0x000000000010d370       0x60 MINEM68K.o
 .text.DoCodeLinkA6
                0x000000000010d3d0       0x60 MINEM68K.o
 .text.DecodeSetSrcDst_ADispW
                0x000000000010d430       0x60 MINEM68K.o
 .text.DecodeModeRegister
                0x000000000010d490      0x2d4 MINEM68K.o
 .text.DecodeAddrModeRegister
                0x000000000010d764       0x3c MINEM68K.o
 .text.DoCodeFPU_Restore
                0x000000000010d7a0       0x94 MINEM68K.o
 .text.DoCodeFPU_Save
                0x000000000010d834       0xc0 MINEM68K.o
 .text.DoCodeFPU_Scc
                0x000000000010d8f4       0x70 MINEM68K.o
 .text.DoCodeFPU_Move_EA_CSIA
                0x000000000010d964       0xf0 MINEM68K.o
 .text.DoCodeFPU_MoveM_CSIA_EA
                0x000000000010da54       0xd8 MINEM68K.o
 .text.DoCodeFPU_MoveM_list_EA
                0x000000000010db2c       0xfc MINEM68K.o
 .text.DoCodeRtd
                0x000000000010dc28       0x6c MINEM68K.o
 .text.SkipiLong
                0x000000000010dc94       0x24 MINEM68K.o
 .text.SkipiWord
                0x000000000010dcb8       0x24 MINEM68K.o
 .text.DoCodeTRAPcc
                0x000000000010dcdc       0x70 MINEM68K.o
 .text.DoCodeBsrL
                0x000000000010dd4c       0x84 MINEM68K.o
 .text.DoCodeBraL
                0x000000000010ddd0       0x60 MINEM68K.o
 .text.DoCodeFPU_FBccL
                0x000000000010de30       0x30 MINEM68K.o
 .text.DoCodeBraW
                0x000000000010de60       0x3c MINEM68K.o
 .text.DoCodeFPU_FBccW
                0x000000000010de9c       0x30 MINEM68K.o
 .text.DoCodeBsrW
                0x000000000010decc       0x38 MINEM68K.o
 .text.DoCodeDBF
                0x000000000010df04       0x3c MINEM68K.o
 .text.DoCodeFPU_DBcc
                0x000000000010df40       0x88 MINEM68K.o
 .text.DoCodeBraB
                0x000000000010dfc8       0x34 MINEM68K.o
 .text.DoCodeBsrB
                0x000000000010dffc       0x38 MINEM68K.o
 .text.local_customreset
                0x000000000010e034        0x4 MINEM68K.o
 .text.DoCodeReset
                0x000000000010e038       0x1c MINEM68K.o
 .text.Ui6r_Negate.isra.0
                0x000000000010e054       0x28 MINEM68K.o
 .text.Ui6r_IsZero.isra.0
                0x000000000010e07c       0x18 MINEM68K.o
 .text.Ui6r_IsNeg.isra.0
                0x000000000010e094        0x8 MINEM68K.o
 .text.mul_unsigned.isra.0
                0x000000000010e09c       0x50 MINEM68K.o
 .text.DoCodeMulL
                0x000000000010e0ec      0x1b0 MINEM68K.o
 .text.div_unsigned.isra.0
                0x000000000010e29c       0x68 MINEM68K.o
 .text.DoCodeDivL
                0x000000000010e304      0x1d8 MINEM68K.o
 .text.floatx80_is_nan.isra.0
                0x000000000010e4dc       0x30 MINEM68K.o
 .text.myfp_IsNan
                0x000000000010e50c        0xc MINEM68K.o
 .text.floatx80_is_signaling_nan.isra.0
                0x000000000010e518       0x4c MINEM68K.o
 .text.propagateFloatx80NaN
                0x000000000010e564      0x160 MINEM68K.o
 .text.floatx80_round_to_int
                0x000000000010e6c4      0x2c0 MINEM68K.o
 .text.myfp_floor
                0x000000000010e984       0x4c MINEM68K.o
 .text.myfp_IntRZ
                0x000000000010e9d0       0x4c MINEM68K.o
 .text.myfp_Int
                0x000000000010ea1c       0x34 MINEM68K.o
 .text.addFloatx80Sigs
                0x000000000010ea50      0x334 MINEM68K.o
 .text.subFloatx80Sigs
                0x000000000010ed84      0x4b0 MINEM68K.o
 .text.floatx80_add
                0x000000000010f234       0x98 MINEM68K.o
 .text.myfp_Add
                0x000000000010f2cc       0x44 MINEM68K.o
 .text.floatx80_sub
                0x000000000010f310       0x98 MINEM68K.o
 .text.myfp_Sub
                0x000000000010f3a8       0x44 MINEM68K.o
 .text.floatx80_mul
                0x000000000010f3ec      0x2b4 MINEM68K.o
 .text.myfp_Mul
                0x000000000010f6a0       0x44 MINEM68K.o
 .text.floatx80_div
                0x000000000010f6e4      0x574 MINEM68K.o
 .text.myfp_Div
                0x000000000010fc58       0x44 MINEM68K.o
 .text.floatx80_rem
                0x000000000010fc9c      0x764 MINEM68K.o
 .text.myfp_Rem
                0x0000000000110400       0x44 MINEM68K.o
 .text.floatx80_sqrt
                0x0000000000110444      0x63c MINEM68K.o
 .text.myfp_Sqrt
                0x0000000000110a80       0x34 MINEM68K.o
 .text.floatx80_scale
                0x0000000000110ab4      0x340 MINEM68K.o
 .text.myfp_Scale
                0x0000000000110df4       0x44 MINEM68K.o
 .text.propagateOneFloatx80NaN
                0x0000000000110e38       0x5c MINEM68K.o
 .text.floatx80_extract
                0x0000000000110e94      0x118 MINEM68K.o
 .text.myfp_GetMan
                0x0000000000110fac       0x28 MINEM68K.o
 .text.myfp_GetExp
                0x0000000000110fd4       0x38 MINEM68K.o
 .text.floatx80ToCommonNaN.isra.0
                0x000000000011100c       0x64 MINEM68K.o
 .text.commonNaNToFloatx80.isra.0
                0x0000000000111070       0x2c MINEM68K.o
 .text.float128_to_floatx80
                0x000000000011109c      0x178 MINEM68K.o
 .text.sincos_approximation
                0x0000000000111214      0x13c MINEM68K.o
 .text.fsincos  0x0000000000111350      0x2bc MINEM68K.o
 .text.myfp_Sin
                0x000000000011160c       0x20 MINEM68K.o
 .text.myfp_Cos
                0x000000000011162c       0x24 MINEM68K.o
 .text.myfp_SinCos
                0x0000000000111650       0x1c MINEM68K.o
 .text.ftan     0x000000000011166c      0x314 MINEM68K.o
 .text.myfp_Tan
                0x0000000000111980       0x14 MINEM68K.o
 *fill*         0x0000000000111994        0x4 
 .text.fpatan   0x0000000000111998      0x748 MINEM68K.o
 .text.myfp_ATan
                0x00000000001120e0       0x50 MINEM68K.o
 .text.myfp_ASin
                0x0000000000112130       0xb0 MINEM68K.o
 .text.myfp_ACos
                0x00000000001121e0       0xb0 MINEM68K.o
 .text.float32_to_floatx80
                0x0000000000112290       0xfc MINEM68K.o
 .text.myfp_FromSingleFormat
                0x000000000011238c       0x28 MINEM68K.o
 .text.float64_to_floatx80
                0x00000000001123b4       0xf8 MINEM68K.o
 .text.myfp_FromDoubleFormat
                0x00000000001124ac       0x2c MINEM68K.o
 .text.read_double
                0x00000000001124d8       0x3c MINEM68K.o
 .text.floatx80_mul128
                0x0000000000112514      0x4cc MINEM68K.o
 .text.commonNaNToFloat128.isra.0
                0x00000000001129e0       0x40 MINEM68K.o
 .text.floatx80_to_int32.isra.0
                0x0000000000112a20       0xa8 MINEM68K.o
 .text.myfp_ToLong
                0x0000000000112ac8        0xc MINEM68K.o
 .text.floatx80_to_float128.isra.0
                0x0000000000112ad4       0xac MINEM68K.o
 .text.fyl2x    0x0000000000112b80      0x418 MINEM68K.o
 .text.myfp_Log2
                0x0000000000112f98       0x4c MINEM68K.o
 .text.myfp_LogN
                0x0000000000112fe4       0x4c MINEM68K.o
 .text.myfp_ATanh
                0x0000000000113030       0x70 MINEM68K.o
 .text.myfp_Log10
                0x00000000001130a0       0x4c MINEM68K.o
 .text.f2xm1    0x00000000001130ec      0x2a0 MINEM68K.o
 .text.myfp_TwoToX
                0x000000000011338c       0xb4 MINEM68K.o
 .text.myfp_TenToX
                0x0000000000113440       0x88 MINEM68K.o
 .text.myfp_EToX
                0x00000000001134c8       0x5c MINEM68K.o
 .text.myfp_Sinh
                0x0000000000113524       0x5c MINEM68K.o
 .text.myfp_Cosh
                0x0000000000113580       0x5c MINEM68K.o
 .text.myfp_Tanh
                0x00000000001135dc       0x6c MINEM68K.o
 .text.myfp_EToXM1
                0x0000000000113648      0x128 MINEM68K.o
 .text.commonNaNToFloat32.isra.0
                0x0000000000113770       0x14 MINEM68K.o
 .text.floatx80_to_float32.isra.0
                0x0000000000113784       0xa8 MINEM68K.o
 .text.myfp_ToSingleFormat
                0x000000000011382c        0xc MINEM68K.o
 .text.myfp_RoundToSingle
                0x0000000000113838       0x3c MINEM68K.o
 .text.commonNaNToFloat64.isra.0
                0x0000000000113874       0x1c MINEM68K.o
 .text.floatx80_to_float64.isra.0
                0x0000000000113890       0xc8 MINEM68K.o
 .text.myfp_ToDoubleFormat
                0x0000000000113958       0x28 MINEM68K.o
 .text.write_double
                0x0000000000113980       0x3c MINEM68K.o
 .text.DoCodeFPU_Move_FP_EA
                0x00000000001139bc      0x12c MINEM68K.o
 .text.myfp_RoundToDouble
                0x0000000000113ae8       0x40 MINEM68K.o
 .text.myfp_FromExtendedFormat.isra.0
                0x0000000000113b28       0x14 MINEM68K.o
 .text.read_long_double
                0x0000000000113b3c       0x50 MINEM68K.o
 .text.DoCodeFPU_MoveM_EA_list
                0x0000000000113b8c       0xbc MINEM68K.o
 .text.myfp_IsNeg.isra.0
                0x0000000000113c48        0x8 MINEM68K.o
 .text.myfp_SetConditionCodeByteFromResult
                0x0000000000113c50       0x64 MINEM68K.o
 .text.SaveResultAndFPSR
                0x0000000000113cb4       0x20 MINEM68K.o
 *fill*         0x0000000000113cd4        0x4 
 .text.fyl2xp1.constprop.0
                0x0000000000113cd8      0x600 MINEM68K.o
 .text.myfp_LogNP1
                0x00000000001142d8       0x34 MINEM68K.o
 .text.do_fprem.constprop.0
                0x000000000011430c      0x33c MINEM68K.o
 .text.floatx80_remainder
                0x0000000000114648       0x58 MINEM68K.o
 .text.myfp_Mod
                0x00000000001146a0       0x4c MINEM68K.o
 .text.DoCodeFPU_GenOp
                0x00000000001146ec      0x658 MINEM68K.o
 .text.DoCodeFPU_GenOpReg
                0x0000000000114d44       0x18 MINEM68K.o
 .text.DoCodeFPU_GenOpEA
                0x0000000000114d5c      0x170 MINEM68K.o
 .text.DoCodeFPU_md60
                0x0000000000114ecc       0xc4 MINEM68K.o
 .text.m68k_go_nCycles
                0x0000000000114f90       0xb4 MINEM68K.o
                0x0000000000114f90                m68k_go_nCycles
 .text.GetCyclesRemaining
                0x0000000000115044       0x18 MINEM68K.o
                0x0000000000115044                GetCyclesRemaining
 .text.SetCyclesRemaining
                0x000000000011505c       0x28 MINEM68K.o
                0x000000000011505c                SetCyclesRemaining
 .text.FindATTel
                0x0000000000115084        0x4 MINEM68K.o
                0x0000000000115084                FindATTel
 .text.get_vm_byte
                0x0000000000115088       0x10 MINEM68K.o
                0x0000000000115088                get_vm_byte
 .text.get_vm_word
                0x0000000000115098       0x10 MINEM68K.o
                0x0000000000115098                get_vm_word
 .text.get_vm_long
                0x00000000001150a8        0x4 MINEM68K.o
                0x00000000001150a8                get_vm_long
 .text.put_vm_byte
                0x00000000001150ac        0x8 MINEM68K.o
                0x00000000001150ac                put_vm_byte
 .text.put_vm_word
                0x00000000001150b4        0x8 MINEM68K.o
                0x00000000001150b4                put_vm_word
 .text.put_vm_long
                0x00000000001150bc        0x4 MINEM68K.o
                0x00000000001150bc                put_vm_long
 .text.SetHeadATTel
                0x00000000001150c0       0x60 MINEM68K.o
                0x00000000001150c0                SetHeadATTel
 .text.DiskInsertedPsuedoException
                0x0000000000115120       0x30 MINEM68K.o
                0x0000000000115120                DiskInsertedPsuedoException
 .text.m68k_IPLchangeNtfy
                0x0000000000115150       0x34 MINEM68K.o
                0x0000000000115150                m68k_IPLchangeNtfy
 .text.m68k_reset
                0x0000000000115184       0x84 MINEM68K.o
                0x0000000000115184                m68k_reset
 .text.MINEM68K_Init
                0x0000000000115208       0x18 MINEM68K.o
                0x0000000000115208                MINEM68K_Init
 .text.Init_1BPP
                0x0000000000115220       0xc0 OSGLU3DS.o
 .text.Init_4BPP
                0x00000000001152e0       0x88 OSGLU3DS.o
 .text.Unpack4BPP
                0x0000000000115368       0x2c OSGLU3DS.o
 .text.GetSubstitutionStr
                0x0000000000115394      0x19c OSGLU3DS.o
 .text.ClStrSizeSubstCStr
                0x0000000000115530       0xc4 OSGLU3DS.o
 .text.ClStrAppendChar
                0x00000000001155f4       0x14 OSGLU3DS.o
 .text.ClStrAppendSubstCStr
                0x0000000000115608      0x1bc OSGLU3DS.o
 .text.ClStrFromSubstCStr
                0x00000000001157c4       0x4c OSGLU3DS.o
 .text.FirstFreeDisk
                0x0000000000115810       0x50 OSGLU3DS.o
 .text.DiskInsertNotify
                0x0000000000115860       0x3c OSGLU3DS.o
 .text.DiskEjectedNotify
                0x000000000011589c       0x2c OSGLU3DS.o
 .text.FindFirstChangeInLVecs
                0x00000000001158c8       0x54 OSGLU3DS.o
 .text.FindLastChangeInLVecs
                0x000000000011591c       0x28 OSGLU3DS.o
 .text.FindLeftRightChangeInLMat
                0x0000000000115944      0x118 OSGLU3DS.o
 .text.ScreenClearChanges
                0x0000000000115a5c       0x28 OSGLU3DS.o
 .text.ScreenChangedAll
                0x0000000000115a84       0x28 OSGLU3DS.o
 .text.AutoScrollScreen
                0x0000000000115aac      0x130 OSGLU3DS.o
 .text.SetLongs
                0x0000000000115bdc       0x20 OSGLU3DS.o
 .text.MyEvtQElPreviousIn
                0x0000000000115bfc       0x2c OSGLU3DS.o
 .text.MyEvtQElAlloc
                0x0000000000115c28       0x40 OSGLU3DS.o
 .text.Keyboard_UpdateKeyMap
                0x0000000000115c68       0x90 OSGLU3DS.o
 .text.MyMouseButtonSet
                0x0000000000115cf8       0x44 OSGLU3DS.o
 .text.MyMousePositionSet
                0x0000000000115d3c       0x84 OSGLU3DS.o
 .text.InitKeyCodes
                0x0000000000115dc0       0x20 OSGLU3DS.o
 .text.DisconnectKeyCodes
                0x0000000000115de0       0x88 OSGLU3DS.o
 .text.MyEvtQTryRecoverFromFull
                0x0000000000115e68       0x18 OSGLU3DS.o
 .text.MacMsg   0x0000000000115e80       0x1c OSGLU3DS.o
 .text.DrawCell
                0x0000000000115e9c       0xc8 OSGLU3DS.o
 .text.DrawCellsBeginLine
                0x0000000000115f64       0x28 OSGLU3DS.o
 .text.DrawCellsEndLine
                0x0000000000115f8c       0x54 OSGLU3DS.o
 .text.DrawCellsBottomLine
                0x0000000000115fe0       0x54 OSGLU3DS.o
 .text.DrawCellAdvance
                0x0000000000116034       0x2c OSGLU3DS.o
 .text.DrawCellsBlankLine
                0x0000000000116060       0x10 OSGLU3DS.o
 .text.DrawCellsFromStr
                0x0000000000116070       0xfc OSGLU3DS.o
 .text.DrawCellsOneLineStr
                0x000000000011616c       0x24 OSGLU3DS.o
 .text.DrawCellsKeyCommand
                0x0000000000116190       0x40 OSGLU3DS.o
 .text.DrawSpclMode0
                0x00000000001161d0       0xf8 OSGLU3DS.o
 .text.DrawCellsMessageModeBody
                0x00000000001162c8       0x24 OSGLU3DS.o
 .text.DrawMessageMode
                0x00000000001162ec       0x14 OSGLU3DS.o
 .text.MacMsgDisplayOff
                0x0000000000116300       0x28 OSGLU3DS.o
 .text.MacMsgDisplayOn
                0x0000000000116328       0x2c OSGLU3DS.o
 .text.DoMessageModeKey
                0x0000000000116354        0xc OSGLU3DS.o
 .text.MacMsgOverride
                0x0000000000116360       0x40 OSGLU3DS.o
 .text.NoRomMsgDisplayOff
                0x00000000001163a0       0x20 OSGLU3DS.o
 .text.NoRomMsgDisplayOn
                0x00000000001163c0       0x20 OSGLU3DS.o
 .text.DrawCellsNoRomModeBody
                0x00000000001163e0        0xc OSGLU3DS.o
 .text.DrawNoRomMode
                0x00000000001163ec       0x14 OSGLU3DS.o
 .text.DoEnterControlMode
                0x0000000000116400       0x38 OSGLU3DS.o
 .text.DoLeaveControlMode
                0x0000000000116438       0x28 OSGLU3DS.o
 .text.Keyboard_UpdateControlKey
                0x0000000000116460       0x28 OSGLU3DS.o
 .text.SetSpeedValue
                0x0000000000116488       0x28 OSGLU3DS.o
 .text.ControlMode2TitleStr
                0x00000000001164b0       0x4c OSGLU3DS.o
 .text.DrawCellsControlModeBody
                0x00000000001164fc      0x3e8 OSGLU3DS.o
 .text.DrawControlMode
                0x00000000001168e4       0x18 OSGLU3DS.o
 .text.DrawSpclMode
                0x00000000001168fc       0x30 OSGLU3DS.o
 .text.Calc_Checksum
                0x000000000011692c       0x3c OSGLU3DS.o
 .text.WarnMsgCorruptedROM
                0x0000000000116968       0x14 OSGLU3DS.o
 .text.WarnMsgUnsupportedROM
                0x000000000011697c       0x14 OSGLU3DS.o
 .text.ROM_IsValid
                0x0000000000116990       0x74 OSGLU3DS.o
 .text.NativeStrFromCStr
                0x0000000000116a04       0x68 OSGLU3DS.o
 .text.InitDrives
                0x0000000000116a6c       0x28 OSGLU3DS.o
 .text.CheckAndUpdateColormap
                0x0000000000116a94       0x78 OSGLU3DS.o
 .text.MousePositionNotify
                0x0000000000116b0c       0x24 OSGLU3DS.o
 .text.CheckMouseState
                0x0000000000116b30       0xe8 OSGLU3DS.o
 .text.IncrNextTime
                0x0000000000116c18       0x60 OSGLU3DS.o
 .text.InitNextTime
                0x0000000000116c78       0x30 OSGLU3DS.o
 .text.CheckDateTime
                0x0000000000116ca8       0x24 OSGLU3DS.o
 .text.MySound_Init0
                0x0000000000116ccc       0x1c OSGLU3DS.o
 .text.MySound_Start0
                0x0000000000116ce8       0x14 OSGLU3DS.o
 .text.ConvertSoundBlockToNative
                0x0000000000116cfc       0x1c OSGLU3DS.o
 .text.MySound_WroteABlock
                0x0000000000116d18       0x34 OSGLU3DS.o
 .text.MySound_EndWrite0
                0x0000000000116d4c       0x40 OSGLU3DS.o
 .text.MySound_SecondNotify0
                0x0000000000116d8c       0x58 OSGLU3DS.o
 .text.SoundRampTo
                0x0000000000116de4       0x9c OSGLU3DS.o
 .text.MySound_SecondNotify
                0x0000000000116e80       0x18 OSGLU3DS.o
 .text.ZapOSGLUVars
                0x0000000000116e98        0x4 OSGLU3DS.o
 .text.Unpack_1BPP
                0x0000000000116e9c       0x4c OSGLU3DS.o
 .text.UpdateTrueEmulatedTime
                0x0000000000116ee8       0xc4 OSGLU3DS.o
 .text.StartUpTimeAdjust
                0x0000000000116fac       0x1c OSGLU3DS.o
 .text.InitLocationDat
                0x0000000000116fc8       0x4c OSGLU3DS.o
 .text.DrawKeyHighlight
                0x0000000000117014       0xbc OSGLU3DS.o
 .text.TestSomething
                0x00000000001170d0       0x5c OSGLU3DS.o
 .text.DrawSubScreen
                0x000000000011712c      0x184 OSGLU3DS.o
 .text.MySound_Stop
                0x00000000001172b0       0x60 OSGLU3DS.o
 .text.EnterSpeedStopped
                0x0000000000117310        0x4 OSGLU3DS.o
 .text.MySound_Start
                0x0000000000117314       0x5c OSGLU3DS.o
 .text.LeaveSpeedStopped
                0x0000000000117370       0x10 OSGLU3DS.o
 .text.LoadMacRomFrom
                0x0000000000117380       0xac OSGLU3DS.o
 .text.LoadMacRom
                0x000000000011742c       0x44 OSGLU3DS.o
 .text.MySound_Init
                0x0000000000117470      0x154 OSGLU3DS.o
 .text.Screen_Init
                0x00000000001175c4       0x40 OSGLU3DS.o
 .text.CreateMainScreen
                0x0000000000117604       0x70 OSGLU3DS.o
 .text.C2D_SpriteFromSheet
                0x0000000000117674       0x68 OSGLU3DS.o
 .text.CreateSubScreen
                0x00000000001176dc      0x23c OSGLU3DS.o
 .text.CreateMainWindow
                0x0000000000117918       0x18 OSGLU3DS.o
 .text.MySound_UnInit
                0x0000000000117930       0x2c OSGLU3DS.o
 .text.UnallocMyMemory
                0x000000000011795c       0x18 OSGLU3DS.o
 .text.CheckSavedMacMsg
                0x0000000000117974       0x74 OSGLU3DS.o
 .text.DestroyMainScreen
                0x00000000001179e8       0x3c OSGLU3DS.o
 .text.DestroySubScreen
                0x0000000000117a24       0x60 OSGLU3DS.o
 .text.vSonyEject0.isra.0
                0x0000000000117a84       0x2c OSGLU3DS.o
 .text.Sony_Insert0.isra.0
                0x0000000000117ab0       0x78 OSGLU3DS.o
 .text.Sony_Insert1
                0x0000000000117b28       0x7c OSGLU3DS.o
 .text.ScanCommandLine
                0x0000000000117ba4       0xc8 OSGLU3DS.o
 .text.Sony_Insert2
                0x0000000000117c6c        0x8 OSGLU3DS.o
 .text.Sony_InsertIth
                0x0000000000117c74       0x68 OSGLU3DS.o
 .text.DSPCallback
                0x0000000000117cdc      0x28c OSGLU3DS.o
 .text.UpdateFBTexture.constprop.0
                0x0000000000117f68       0x54 OSGLU3DS.o
 .text.UpdateMainScreen_4BPP
                0x0000000000117fbc       0x2c OSGLU3DS.o
 .text.UpdateMainScreen_1BPP
                0x0000000000117fe8       0x2c OSGLU3DS.o
 .text.DrawMainScreen
                0x0000000000118014       0xd4 OSGLU3DS.o
 .text.MyMoveBytes
                0x00000000001180e8       0x10 OSGLU3DS.o
                0x00000000001180e8                MyMoveBytes
 .text.ScreenFindChanges
                0x00000000001180f8      0x348 OSGLU3DS.o
 .text.GetCurDrawBuff
                0x0000000000118440       0x50 OSGLU3DS.o
 .text.HaveChangedScreenBuff.isra.0
                0x0000000000118490       0x50 OSGLU3DS.o
 .text.MyDrawChangesAndClear
                0x00000000001184e0       0x30 OSGLU3DS.o
 .text.AnyDiskInserted
                0x0000000000118510       0x18 OSGLU3DS.o
                0x0000000000118510                AnyDiskInserted
 .text.DoControlModeKey
                0x0000000000118528      0x3d4 OSGLU3DS.o
 .text.Keyboard_UpdateKeyMap2
                0x00000000001188fc       0x4c OSGLU3DS.o
 .text.CheckForSavedTasks
                0x0000000000118948       0xfc OSGLU3DS.o
 .text.LoadInitialImages
                0x0000000000118a44       0x34 OSGLU3DS.o
 .text.DiskRevokeWritable
                0x0000000000118a78       0x1c OSGLU3DS.o
                0x0000000000118a78                DiskRevokeWritable
 .text.Screen_OutputFrame
                0x0000000000118a94      0x12c OSGLU3DS.o
                0x0000000000118a94                Screen_OutputFrame
 .text.ReserveAllocOneBlock
                0x0000000000118bc0       0x6c OSGLU3DS.o
                0x0000000000118bc0                ReserveAllocOneBlock
 .text.ReserveAllocAll
                0x0000000000118c2c       0x68 OSGLU3DS.o
 .text.AllocMyMemory
                0x0000000000118c94       0x78 OSGLU3DS.o
 .text.MyEvtQOutP
                0x0000000000118d0c       0x28 OSGLU3DS.o
                0x0000000000118d0c                MyEvtQOutP
 .text.MyEvtQOutDone
                0x0000000000118d34       0x18 OSGLU3DS.o
                0x0000000000118d34                MyEvtQOutDone
 .text.vSonyTransfer
                0x0000000000118d4c       0x90 OSGLU3DS.o
                0x0000000000118d4c                vSonyTransfer
 .text.vSonyGetSize
                0x0000000000118ddc       0x58 OSGLU3DS.o
                0x0000000000118ddc                vSonyGetSize
 .text.vSonyEject
                0x0000000000118e34        0x4 OSGLU3DS.o
                0x0000000000118e34                vSonyEject
 .text.UnInitDrives
                0x0000000000118e38       0x44 OSGLU3DS.o
 .text.UnInitOSGLU
                0x0000000000118e7c       0x4c OSGLU3DS.o
 .text.DoneWithDrawingForTick
                0x0000000000118ec8       0x28 OSGLU3DS.o
                0x0000000000118ec8                DoneWithDrawingForTick
 .text.DoKeyCode
                0x0000000000118ef0       0x10 OSGLU3DS.o
                0x0000000000118ef0                DoKeyCode
 .text.HandleDPADKey
                0x0000000000118f00       0x28 OSGLU3DS.o
 .text.SubScreenUpdateInput
                0x0000000000118f28      0x190 OSGLU3DS.o
 .text.CheckForSystemEvents
                0x00000000001190b8       0xb8 OSGLU3DS.o
 .text.MySound_BeginWrite
                0x0000000000119170       0x64 OSGLU3DS.o
                0x0000000000119170                MySound_BeginWrite
 .text.MySound_EndWrite
                0x00000000001191d4        0x4 OSGLU3DS.o
                0x00000000001191d4                MySound_EndWrite
 .text.ExtraTimeNotOver
                0x00000000001191d8       0x28 OSGLU3DS.o
                0x00000000001191d8                ExtraTimeNotOver
 .text.WaitForNextTick
                0x0000000000119200       0x6c OSGLU3DS.o
                0x0000000000119200                WaitForNextTick
 .text.WaitForRom
                0x000000000011926c       0x58 OSGLU3DS.o
 .text.InitOSGLU
                0x00000000001192c4       0x94 OSGLU3DS.o
 .text.startup.main
                0x0000000000119358       0x38 OSGLU3DS.o
                0x0000000000119358                main
 .text.AddToATTList
                0x0000000000119390       0x44 GLOBGLUE.o
 .text.InitATTList
                0x00000000001193d4       0x14 GLOBGLUE.o
 .text.SetUp_RAM24
                0x00000000001193e8       0xe8 GLOBGLUE.o
 .text.SetUp_io
                0x00000000001194d0      0x1e8 GLOBGLUE.o
 .text.SetUp_address24
                0x00000000001196b8       0xd8 GLOBGLUE.o
 .text.SetUp_address32
                0x0000000000119790      0x1c4 GLOBGLUE.o
 .text.SetUp_address
                0x0000000000119954       0x1c GLOBGLUE.o
 .text.InsertICT
                0x0000000000119970       0x2c GLOBGLUE.o
 .text.ExtnFind_Access
                0x000000000011999c      0x114 GLOBGLUE.o
 .text.Extn_Access
                0x0000000000119ab0       0xcc GLOBGLUE.o
 .text.FinishATTList
                0x0000000000119b7c       0x7c GLOBGLUE.o
 .text.SetUpMemBanks
                0x0000000000119bf8       0x14 GLOBGLUE.o
 .text.Extn_Reset
                0x0000000000119c0c       0x14 GLOBGLUE.o
                0x0000000000119c0c                Extn_Reset
 .text.customreset
                0x0000000000119c20       0x24 GLOBGLUE.o
                0x0000000000119c20                customreset
 .text.MMDV_Access
                0x0000000000119c44      0x220 GLOBGLUE.o
                0x0000000000119c44                MMDV_Access
 .text.MemAccessNtfy
                0x0000000000119e64       0x38 GLOBGLUE.o
                0x0000000000119e64                MemAccessNtfy
 .text.get_address_realblock1
                0x0000000000119e9c       0x58 GLOBGLUE.o
 .text.MemOverlay_ChangeNtfy
                0x0000000000119ef4        0x4 GLOBGLUE.o
                0x0000000000119ef4                MemOverlay_ChangeNtfy
 .text.Addr32_ChangeNtfy
                0x0000000000119ef8        0x4 GLOBGLUE.o
                0x0000000000119ef8                Addr32_ChangeNtfy
 .text.get_real_address0
                0x0000000000119efc       0x64 GLOBGLUE.o
                0x0000000000119efc                get_real_address0
 .text.VIAorSCCinterruptChngNtfy
                0x0000000000119f60       0x64 GLOBGLUE.o
                0x0000000000119f60                VIAorSCCinterruptChngNtfy
 .text.SetInterruptButton
                0x0000000000119fc4       0x1c GLOBGLUE.o
                0x0000000000119fc4                SetInterruptButton
 .text.AddrSpac_Init
                0x0000000000119fe0       0x34 GLOBGLUE.o
                0x0000000000119fe0                AddrSpac_Init
 .text.Memory_Reset
                0x000000000011a014       0x14 GLOBGLUE.o
                0x000000000011a014                Memory_Reset
 .text.PowerOff_ChangeNtfy
                0x000000000011a028       0x24 GLOBGLUE.o
                0x000000000011a028                PowerOff_ChangeNtfy
 .text.FindKeyEvent
                0x000000000011a04c       0x48 GLOBGLUE.o
                0x000000000011a04c                FindKeyEvent
 .text.ICT_Zap  0x000000000011a094       0x14 GLOBGLUE.o
                0x000000000011a094                ICT_Zap
 .text.GetCuriCount
                0x000000000011a0a8       0x1c GLOBGLUE.o
                0x000000000011a0a8                GetCuriCount
 .text.ICT_add  0x000000000011a0c4       0x4c GLOBGLUE.o
                0x000000000011a0c4                ICT_add
 .text.SetDcoArgFields
                0x000000000011a110       0x18 M68KITAB.o
 .text.octdat   0x000000000011a128        0xc M68KITAB.o
 .text.GetAMdRegSz.isra.0
                0x000000000011a134       0x20 M68KITAB.o
 .text.GetAMdIndirectSz.isra.0
                0x000000000011a154       0x20 M68KITAB.o
 .text.CheckValidAddrMode
                0x000000000011a174      0x270 M68KITAB.o
 .text.IsValidAddrMode
                0x000000000011a3e4       0x2c M68KITAB.o
 .text.CheckDataAltAddrMode
                0x000000000011a410       0x30 M68KITAB.o
 .text.CheckDataAddrMode
                0x000000000011a440       0x30 M68KITAB.o
 .text.CheckControlAddrMode
                0x000000000011a470       0x30 M68KITAB.o
 .text.CheckControlAltAddrMode
                0x000000000011a4a0       0x30 M68KITAB.o
 .text.CheckAltMemAddrMode
                0x000000000011a4d0       0x30 M68KITAB.o
 .text.FindOpSizeFromb76.isra.0
                0x000000000011a500       0x18 M68KITAB.o
 .text.OpSizeOffset.isra.0
                0x000000000011a518       0x20 M68KITAB.o
 .text.rolops   0x000000000011a538       0x2c M68KITAB.o
 .text.DeCodeOneOp.constprop.0
                0x000000000011a564     0x2564 M68KITAB.o
 .text.M68KITAB_setup
                0x000000000011cac8       0x58 M68KITAB.o
                0x000000000011cac8                M68KITAB_setup
 .text.VIA1_Get_ORA
                0x000000000011cb20       0x20 VIAEMDEV.o
 .text.VIA1_Get_ORB
                0x000000000011cb40       0x34 VIAEMDEV.o
 .text.VIA1_Clear
                0x000000000011cb74       0x30 VIAEMDEV.o
 .text.VIA1_Put_ORA
                0x000000000011cba4       0xdc VIAEMDEV.o
 .text.VIA1_SetDDR_A
                0x000000000011cc80       0x54 VIAEMDEV.o
 .text.VIA1_Put_ORB
                0x000000000011ccd4      0x10c VIAEMDEV.o
 .text.VIA1_SetDDR_B
                0x000000000011cde0       0x54 VIAEMDEV.o
 .text.VIA1_CheckInterruptFlag
                0x000000000011ce34       0x38 VIAEMDEV.o
 .text.VIA1_SetInterruptFlag
                0x000000000011ce6c       0x1c VIAEMDEV.o
 .text.VIA1_ClrInterruptFlag
                0x000000000011ce88       0x1c VIAEMDEV.o
 .text.VIA1_Zap
                0x000000000011cea4       0x1c VIAEMDEV.o
                0x000000000011cea4                VIA1_Zap
 .text.VIA1_Reset
                0x000000000011cec0       0x20 VIAEMDEV.o
                0x000000000011cec0                VIA1_Reset
 .text.VIA1_ShiftInData
                0x000000000011cee0       0x3c VIAEMDEV.o
                0x000000000011cee0                VIA1_ShiftInData
 .text.VIA1_ShiftOutData
                0x000000000011cf1c       0x4c VIAEMDEV.o
                0x000000000011cf1c                VIA1_ShiftOutData
 .text.VIA1_DoTimer1Check
                0x000000000011cf68      0x174 VIAEMDEV.o
                0x000000000011cf68                VIA1_DoTimer1Check
 .text.CheckT1IntReady
                0x000000000011d0dc       0x6c VIAEMDEV.o
 .text.VIA1_DoTimer2Check
                0x000000000011d148       0xc4 VIAEMDEV.o
                0x000000000011d148                VIA1_DoTimer2Check
 .text.VIA1_Access
                0x000000000011d20c      0x420 VIAEMDEV.o
                0x000000000011d20c                VIA1_Access
 .text.VIA1_ExtraTimeBegin
                0x000000000011d62c       0x5c VIAEMDEV.o
                0x000000000011d62c                VIA1_ExtraTimeBegin
 .text.VIA1_ExtraTimeEnd
                0x000000000011d688       0x60 VIAEMDEV.o
                0x000000000011d688                VIA1_ExtraTimeEnd
 .text.VIA1_iCA1_Sixtieth_PulseNtfy
                0x000000000011d6e8        0x8 VIAEMDEV.o
                0x000000000011d6e8                VIA1_iCA1_Sixtieth_PulseNtfy
 .text.VIA1_iCA2_RTC_OneSecond_PulseNtfy
                0x000000000011d6f0        0x8 VIAEMDEV.o
                0x000000000011d6f0                VIA1_iCA2_RTC_OneSecond_PulseNtfy
 .text.VIA2_Get_ORA
                0x000000000011d6f8       0x1c VIA2EMDV.o
 .text.VIA2_Get_ORB
                0x000000000011d714        0x4 VIA2EMDV.o
 .text.VIA2_Clear
                0x000000000011d718       0x30 VIA2EMDV.o
 .text.VIA2_Put_ORA
                0x000000000011d748       0x6c VIA2EMDV.o
 .text.VIA2_SetDDR_A
                0x000000000011d7b4       0x54 VIA2EMDV.o
 .text.VIA2_Put_ORB
                0x000000000011d808       0x8c VIA2EMDV.o
 .text.VIA2_SetDDR_B
                0x000000000011d894       0x54 VIA2EMDV.o
 .text.VIA2_CheckInterruptFlag
                0x000000000011d8e8       0x38 VIA2EMDV.o
 .text.VIA2_SetInterruptFlag
                0x000000000011d920       0x1c VIA2EMDV.o
 .text.VIA2_ClrInterruptFlag
                0x000000000011d93c       0x1c VIA2EMDV.o
 .text.VIA2_Zap
                0x000000000011d958       0x1c VIA2EMDV.o
                0x000000000011d958                VIA2_Zap
 .text.VIA2_Reset
                0x000000000011d974       0x20 VIA2EMDV.o
                0x000000000011d974                VIA2_Reset
 .text.VIA2_DoTimer1Check
                0x000000000011d994      0x174 VIA2EMDV.o
                0x000000000011d994                VIA2_DoTimer1Check
 .text.CheckT1IntReady
                0x000000000011db08       0x6c VIA2EMDV.o
 .text.VIA2_DoTimer2Check
                0x000000000011db74       0xc4 VIA2EMDV.o
                0x000000000011db74                VIA2_DoTimer2Check
 .text.VIA2_Access
                0x000000000011dc38      0x40c VIA2EMDV.o
                0x000000000011dc38                VIA2_Access
 .text.VIA2_ExtraTimeBegin
                0x000000000011e044       0x5c VIA2EMDV.o
                0x000000000011e044                VIA2_ExtraTimeBegin
 .text.VIA2_ExtraTimeEnd
                0x000000000011e0a0       0x60 VIA2EMDV.o
                0x000000000011e0a0                VIA2_ExtraTimeEnd
 .text.VIA2_iCA1_Vid_VBLinterrupt_PulseNtfy
                0x000000000011e100        0x8 VIA2EMDV.o
                0x000000000011e100                VIA2_iCA1_Vid_VBLinterrupt_PulseNtfy
 .text.VIA2_iCB1_ASC_interrupt_PulseNtfy
                0x000000000011e108        0x8 VIA2EMDV.o
                0x000000000011e108                VIA2_iCB1_ASC_interrupt_PulseNtfy
 .text.IWM_Set_Lines
                0x000000000011e110       0x20 IWMEMDEV.o
 .text.IWM_Read_Reg
                0x000000000011e130       0x48 IWMEMDEV.o
 .text.IWM_Write_Reg
                0x000000000011e178       0x30 IWMEMDEV.o
 .text.IWM_Reset
                0x000000000011e1a8       0x28 IWMEMDEV.o
                0x000000000011e1a8                IWM_Reset
 .text.IWM_Access
                0x000000000011e1d0      0x1a0 IWMEMDEV.o
                0x000000000011e1d0                IWM_Access
 .text.SCC_InitChannel
                0x000000000011e370       0x1c SCCEMDEV.o
 .text.SCC_ResetChannel
                0x000000000011e38c       0x30 SCCEMDEV.o
 .text.SCC_GetRR0
                0x000000000011e3bc       0x38 SCCEMDEV.o
 .text.SCC_GetRR2
                0x000000000011e3f4       0x84 SCCEMDEV.o
 .text.SCC_PutWR3
                0x000000000011e478       0x50 SCCEMDEV.o
 .text.SCC_PutWR5
                0x000000000011e4c8       0x28 SCCEMDEV.o
 .text.CheckSCCInterruptFlag
                0x000000000011e4f0       0x84 SCCEMDEV.o
 .text.SCC_PutWR0
                0x000000000011e574       0x60 SCCEMDEV.o
 .text.SCC_PutWR1
                0x000000000011e5d4       0x2c SCCEMDEV.o
 .text.SCC_GetRR1.isra.0
                0x000000000011e600        0x8 SCCEMDEV.o
 .text.SCC_GetRR3.isra.0
                0x000000000011e608        0x8 SCCEMDEV.o
 .text.SCC_GetReg
                0x000000000011e610       0x78 SCCEMDEV.o
 .text.SCC_PutWR2.isra.0
                0x000000000011e688       0x18 SCCEMDEV.o
 .text.SCC_PutWR8.isra.0
                0x000000000011e6a0       0x2c SCCEMDEV.o
 .text.SCC_Reset
                0x000000000011e6cc       0x54 SCCEMDEV.o
                0x000000000011e6cc                SCC_Reset
 .text.SCC_PutWR9.isra.0
                0x000000000011e720       0x70 SCCEMDEV.o
 .text.SCC_PutReg
                0x000000000011e790       0x58 SCCEMDEV.o
 .text.SCC_Access
                0x000000000011e7e8       0x58 SCCEMDEV.o
                0x000000000011e7e8                SCC_Access
 .text.RTC_Access_PRAM_Reg
                0x000000000011e840       0x30 RTCEMDEV.o
 .text.RTC_Access_Reg
                0x000000000011e870       0xb8 RTCEMDEV.o
 .text.RTC_DoCmd
                0x000000000011e928      0x100 RTCEMDEV.o
 .text.RTC_Init
                0x000000000011ea28      0x118 RTCEMDEV.o
                0x000000000011ea28                RTC_Init
 .text.RTC_Interrupt
                0x000000000011eb40       0x58 RTCEMDEV.o
                0x000000000011eb40                RTC_Interrupt
 .text.RTCunEnabled_ChangeNtfy
                0x000000000011eb98       0x2c RTCEMDEV.o
                0x000000000011eb98                RTCunEnabled_ChangeNtfy
 .text.RTCclock_ChangeNtfy
                0x000000000011ebc4       0x7c RTCEMDEV.o
                0x000000000011ebc4                RTCclock_ChangeNtfy
 .text.RTCdataLine_ChangeNtfy
                0x000000000011ec40        0x4 RTCEMDEV.o
                0x000000000011ec40                RTCdataLine_ChangeNtfy
 .text.Sony_Install
                0x000000000011ec44       0xa0 ROMEMDEV.o
 .text.ROM_Init
                0x000000000011ece4       0x44 ROMEMDEV.o
                0x000000000011ece4                ROM_Init
 .text.SCSI_BusReset
                0x000000000011ed28       0x78 SCSIEMDV.o
 .text.SCSI_Check
                0x000000000011eda0       0x9c SCSIEMDV.o
 .text.SCSI_Reset
                0x000000000011ee3c       0x20 SCSIEMDV.o
                0x000000000011ee3c                SCSI_Reset
 .text.SCSI_Access
                0x000000000011ee5c       0x4c SCSIEMDV.o
                0x000000000011ee5c                SCSI_Access
 .text.vSonyNextPendingInsert0
                0x000000000011eea8       0x5c SONYEMDV.o
 .text.CheckReadableDrive
                0x000000000011ef04       0x3c SONYEMDV.o
 .text.vSonyNextPendingInsert
                0x000000000011ef40      0x164 SONYEMDV.o
 .text.DriveVarsLocation
                0x000000000011f0a4       0x2c SONYEMDV.o
 .text.Sony_OpenC
                0x000000000011f0d0       0x24 SONYEMDV.o
 .text.Sony_OpenA
                0x000000000011f0f4       0x38 SONYEMDV.o
 .text.vSonyTransferVM
                0x000000000011f12c       0xcc SONYEMDV.o
 .text.Drive_Transfer
                0x000000000011f1f8       0xe8 SONYEMDV.o
 .text.Drive_Eject
                0x000000000011f2e0       0x68 SONYEMDV.o
 .text.Sony_Prime
                0x000000000011f348      0x1bc SONYEMDV.o
 .text.Sony_Control
                0x000000000011f504      0x1a4 SONYEMDV.o
 .text.Sony_OpenB
                0x000000000011f6a8      0x148 SONYEMDV.o
 .text.Sony_Mount
                0x000000000011f7f0      0x13c SONYEMDV.o
 .text.Sony_Close.isra.0
                0x000000000011f92c        0xc SONYEMDV.o
 .text.MyMoveBytesVM.constprop.0
                0x000000000011f938       0x88 SONYEMDV.o
 .text.Sony_Status
                0x000000000011f9c0       0x90 SONYEMDV.o
 .text.Sony_Update
                0x000000000011fa50       0x78 SONYEMDV.o
                0x000000000011fa50                Sony_Update
 .text.Sony_SetQuitOnEject
                0x000000000011fac8       0x14 SONYEMDV.o
                0x000000000011fac8                Sony_SetQuitOnEject
 .text.Sony_EjectAllDisks
                0x000000000011fadc       0x54 SONYEMDV.o
                0x000000000011fadc                Sony_EjectAllDisks
 .text.Sony_Reset
                0x000000000011fb30       0x1c SONYEMDV.o
                0x000000000011fb30                Sony_Reset
 .text.ExtnDisk_Access
                0x000000000011fb4c      0x218 SONYEMDV.o
                0x000000000011fb4c                ExtnDisk_Access
 .text.ExtnSony_Access
                0x000000000011fd64      0x148 SONYEMDV.o
                0x000000000011fd64                ExtnSony_Access
 .text.Screen_EndTickNotify
                0x000000000011feac       0x10 SCRNEMDV.o
                0x000000000011feac                Screen_EndTickNotify
 .text.ChecksumSlotROM
                0x000000000011febc       0x48 VIDEMDEV.o
 .text.PatchAByte
                0x000000000011ff04       0x1c VIDEMDEV.o
 .text.PatchAWord
                0x000000000011ff20       0x1c VIDEMDEV.o
 .text.PatchALong
                0x000000000011ff3c       0x1c VIDEMDEV.o
 .text.PatchAOSLstEntry
                0x000000000011ff58       0x1c VIDEMDEV.o
 .text.ReservePatchOSLstEntry
                0x000000000011ff74       0x18 VIDEMDEV.o
 .text.PatchAReservedOSLstEntry
                0x000000000011ff8c       0x2c VIDEMDEV.o
 .text.PatchADatLstEntry
                0x000000000011ffb8        0x8 VIDEMDEV.o
 .text.PatchAnEndOfLst
                0x000000000011ffc0        0xc VIDEMDEV.o
 .text.Vid_GetMode
                0x000000000011ffcc       0x1c VIDEMDEV.o
 .text.Vid_SetMode
                0x000000000011ffe8       0x58 VIDEMDEV.o
 .text.FillScreenWithGrayPattern
                0x0000000000120040       0x90 VIDEMDEV.o
 .text.Vid_Init
                0x00000000001200d0      0x590 VIDEMDEV.o
                0x00000000001200d0                Vid_Init
 .text.Vid_Update
                0x0000000000120660       0x1c VIDEMDEV.o
                0x0000000000120660                Vid_Update
 .text.ExtnVideo_Access
                0x000000000012067c      0x410 VIDEMDEV.o
                0x000000000012067c                ExtnVideo_Access
 .text.Mouse_Update
                0x0000000000120a8c       0xa8 MOUSEMDV.o
                0x0000000000120a8c                Mouse_Update
 .text.Mouse_EndTickNotify
                0x0000000000120b34       0x58 MOUSEMDV.o
                0x0000000000120b34                Mouse_EndTickNotify
 .text.ADB_DoMouseListen
                0x0000000000120b8c       0x30 ADBEMDEV.o
 .text.ADB_DoKeyboardListen
                0x0000000000120bbc       0x30 ADBEMDEV.o
 .text.ADB_EndListen
                0x0000000000120bec       0x30 ADBEMDEV.o
 .text.ADB_DoReset
                0x0000000000120c1c       0x1c ADBEMDEV.o
 .text.ADB_Flush
                0x0000000000120c38       0x44 ADBEMDEV.o
 .text.CheckForADBanyEvt
                0x0000000000120c7c       0x50 ADBEMDEV.o
 .text.ADB_DoMouseTalk
                0x0000000000120ccc      0x1a4 ADBEMDEV.o
 .text.CheckForADBkeyEvt
                0x0000000000120e70       0x9c ADBEMDEV.o
 .text.ADB_DoKeyboardTalk
                0x0000000000120f0c       0xa8 ADBEMDEV.o
 .text.ADB_DoTalk
                0x0000000000120fb4       0x30 ADBEMDEV.o
 .text.ADB_DoNewState
                0x0000000000120fe4      0x1a4 ADBEMDEV.o
                0x0000000000120fe4                ADB_DoNewState
 .text.ADBstate_ChangeNtfy
                0x0000000000121188        0xc ADBEMDEV.o
                0x0000000000121188                ADBstate_ChangeNtfy
 .text.ADB_DataLineChngNtfy
                0x0000000000121194        0x4 ADBEMDEV.o
                0x0000000000121194                ADB_DataLineChngNtfy
 .text.ADB_Update
                0x0000000000121198       0x68 ADBEMDEV.o
                0x0000000000121198                ADB_Update
 .text.ASC_RecalcStatus
                0x0000000000121200       0xa4 ASCEMDEV.o
 .text.ASC_ClearFIFO
                0x00000000001212a4       0x20 ASCEMDEV.o
 .text.ASC_Access
                0x00000000001212c4      0x328 ASCEMDEV.o
                0x00000000001212c4                ASC_Access
 .text.ASC_SubTick
                0x00000000001215ec      0x4e0 ASCEMDEV.o
                0x00000000001215ec                ASC_SubTick
 .text.ICT_DoGetNext
                0x0000000000121acc       0x60 PROGMAIN.o
 .text.EmulatedHardwareZap
                0x0000000000121b2c       0x30 PROGMAIN.o
 .text.InitEmulation
                0x0000000000121b5c       0x48 PROGMAIN.o
 .text.MoreSubTicksToDo
                0x0000000000121ba4       0x70 PROGMAIN.o
 .text.DoMacReset
                0x0000000000121c14       0x10 PROGMAIN.o
 .text.InterruptReset_Update
                0x0000000000121c24       0x58 PROGMAIN.o
 .text.SubTickTaskStart
                0x0000000000121c7c       0x1c PROGMAIN.o
 .text.SixtiethSecondNotify
                0x0000000000121c98       0x28 PROGMAIN.o
 .text.SubTickNotify
                0x0000000000121cc0        0x4 PROGMAIN.o
 .text.SubTickTaskDo
                0x0000000000121cc4       0x40 PROGMAIN.o
 .text.ICT_DoTask
                0x0000000000121d04       0x40 PROGMAIN.o
 .text.ICT_DoCurrentTasks
                0x0000000000121d44       0x84 PROGMAIN.o
 .text.m68k_go_nCycles_1
                0x0000000000121dc8       0x44 PROGMAIN.o
 .text.SubTickTaskEnd
                0x0000000000121e0c        0x8 PROGMAIN.o
 .text.SixtiethEndNotify
                0x0000000000121e14       0x14 PROGMAIN.o
 .text.DoEmulateOneTick
                0x0000000000121e28       0x9c PROGMAIN.o
 .text.RunEmulatedTicksToTrueTime
                0x0000000000121ec4       0xf0 PROGMAIN.o
 .text.ExtraTimeBeginNotify
                0x0000000000121fb4       0x10 PROGMAIN.o
 .text.ExtraTimeEndNotify
                0x0000000000121fc4       0x10 PROGMAIN.o
 .text.DoEmulateExtraTime
                0x0000000000121fd4       0x64 PROGMAIN.o
 .text.MainEventLoop
                0x0000000000122038       0x28 PROGMAIN.o
 .text.EmulationReserveAlloc
                0x0000000000122060       0x58 PROGMAIN.o
                0x0000000000122060                EmulationReserveAlloc
 .text.ProgramMain
                0x00000000001220b8       0x18 PROGMAIN.o
                0x00000000001220b8                ProgramMain
 .text.C2D_Init
                0x00000000001220d0      0x330 /opt/devkitpro/libctru/lib/libcitro2d.a(base.o)
                0x00000000001220d0                C2D_Init
 .text.C2D_Fini
                0x0000000000122400       0x44 /opt/devkitpro/libctru/lib/libcitro2d.a(base.o)
                0x0000000000122400                C2D_Fini
 .text.C2D_Prepare
                0x0000000000122444       0xc8 /opt/devkitpro/libctru/lib/libcitro2d.a(base.o)
                0x0000000000122444                C2D_Prepare
 .text.C2D_SceneSize
                0x000000000012250c      0x10c /opt/devkitpro/libctru/lib/libcitro2d.a(base.o)
                0x000000000012250c                C2D_SceneSize
 .text.C2D_CreateScreenTarget
                0x0000000000122618       0x44 /opt/devkitpro/libctru/lib/libcitro2d.a(base.o)
                0x0000000000122618                C2D_CreateScreenTarget
 .text.C2Di_CalcQuad
                0x000000000012265c      0x13c /opt/devkitpro/libctru/lib/libcitro2d.a(base.o)
                0x000000000012265c                C2Di_CalcQuad
 .text.C2Di_AppendVtx
                0x0000000000122798       0x40 /opt/devkitpro/libctru/lib/libcitro2d.a(base.o)
                0x0000000000122798                C2Di_AppendVtx
 .text.C2Di_FlushVtxBuf
                0x00000000001227d8       0x30 /opt/devkitpro/libctru/lib/libcitro2d.a(base.o)
                0x00000000001227d8                C2Di_FlushVtxBuf
 .text.C2Di_FrameEndHook
                0x0000000000122808       0x20 /opt/devkitpro/libctru/lib/libcitro2d.a(base.o)
 .text.C2D_Flush
                0x0000000000122828       0x18 /opt/devkitpro/libctru/lib/libcitro2d.a(base.o)
                0x0000000000122828                C2D_Flush
 .text.C2D_TargetClear
                0x0000000000122840       0x30 /opt/devkitpro/libctru/lib/libcitro2d.a(base.o)
                0x0000000000122840                C2D_TargetClear
 .text.C2Di_Update
                0x0000000000122870      0x210 /opt/devkitpro/libctru/lib/libcitro2d.a(base.o)
                0x0000000000122870                C2Di_Update
 .text.C2D_DrawImage
                0x0000000000122a80      0x2ec /opt/devkitpro/libctru/lib/libcitro2d.a(base.o)
                0x0000000000122a80                C2D_DrawImage
 .text.C2D_DrawRectangle
                0x0000000000122d6c      0x1ac /opt/devkitpro/libctru/lib/libcitro2d.a(base.o)
                0x0000000000122d6c                C2D_DrawRectangle
 .text.C2Di_GlyphComp
                0x0000000000122f18       0x18 /opt/devkitpro/libctru/lib/libcitro2d.a(text.o)
 .text.C2D_TextBufNew
                0x0000000000122f30      0x1c8 /opt/devkitpro/libctru/lib/libcitro2d.a(text.o)
                0x0000000000122f30                C2D_TextBufNew
 .text.C2D_TextBufDelete
                0x00000000001230f8        0x4 /opt/devkitpro/libctru/lib/libcitro2d.a(text.o)
                0x00000000001230f8                C2D_TextBufDelete
 .text.C2D_TextFontParseLine
                0x00000000001230fc      0x198 /opt/devkitpro/libctru/lib/libcitro2d.a(text.o)
                0x00000000001230fc                C2D_TextFontParseLine
 .text.C2D_TextFontParse
                0x0000000000123294       0x90 /opt/devkitpro/libctru/lib/libcitro2d.a(text.o)
                0x0000000000123294                C2D_TextFontParse
 .text.C2D_TextOptimize
                0x0000000000123324       0x2c /opt/devkitpro/libctru/lib/libcitro2d.a(text.o)
                0x0000000000123324                C2D_TextOptimize
 .text.C2D_TextGetDimensions
                0x0000000000123350       0xc0 /opt/devkitpro/libctru/lib/libcitro2d.a(text.o)
                0x0000000000123350                C2D_TextGetDimensions
 .text.C2D_DrawText
                0x0000000000123410      0x34c /opt/devkitpro/libctru/lib/libcitro2d.a(text.o)
                0x0000000000123410                C2D_DrawText
 .text.C2D_SpriteSheetLoadFromMem
                0x000000000012375c       0x7c /opt/devkitpro/libctru/lib/libcitro2d.a(spritesheet.o)
                0x000000000012375c                C2D_SpriteSheetLoadFromMem
 .text.C2D_SpriteSheetFree
                0x00000000001237d8       0x28 /opt/devkitpro/libctru/lib/libcitro2d.a(spritesheet.o)
                0x00000000001237d8                C2D_SpriteSheetFree
 .text.C2D_SpriteSheetGetImage
                0x0000000000123800       0x28 /opt/devkitpro/libctru/lib/libcitro2d.a(spritesheet.o)
                0x0000000000123800                C2D_SpriteSheetGetImage
 .text.C2D_FontFree
                0x0000000000123828       0x28 /opt/devkitpro/libctru/lib/libcitro2d.a(font.o)